Component: ARM Compiler 5.06 update 1 (build 61) Tool: armlink [4d35a8]

==============================================================================

Section Cross References

    startup_stm32f10x_hd.o(STACK) refers (Special) to heapauxi.o(.text) for __use_two_region_memory
    startup_stm32f10x_hd.o(HEAP) refers (Special) to heapauxi.o(.text) for __use_two_region_memory
    startup_stm32f10x_hd.o(RESET) refers (Special) to heapauxi.o(.text) for __use_two_region_memory
    startup_stm32f10x_hd.o(RESET) refers to startup_stm32f10x_hd.o(STACK) for __initial_sp
    startup_stm32f10x_hd.o(RESET) refers to startup_stm32f10x_hd.o(.text) for Reset_Handler
    startup_stm32f10x_hd.o(RESET) refers to stm32f10x_it.o(.text) for NMI_Handler
    startup_stm32f10x_hd.o(RESET) refers to exti.o(.text) for EXTI3_IRQHandler
    startup_stm32f10x_hd.o(RESET) refers to timer.o(.text) for TIM2_IRQHandler
    startup_stm32f10x_hd.o(RESET) refers to usart.o(.text) for USART1_IRQHandler
    startup_stm32f10x_hd.o(.text) refers (Special) to heapauxi.o(.text) for __use_two_region_memory
    startup_stm32f10x_hd.o(.text) refers to system_stm32f10x.o(.text) for SystemInit
    startup_stm32f10x_hd.o(.text) refers to __main.o(!!!main) for __main
    startup_stm32f10x_hd.o(.text) refers to startup_stm32f10x_hd.o(HEAP) for Heap_Mem
    startup_stm32f10x_hd.o(.text) refers to startup_stm32f10x_hd.o(STACK) for Stack_Mem
    usart.o(.text) refers (Special) to use_no_semi_2.o(.text) for __use_no_semihosting
    usart.o(.text) refers to stm32f10x_rcc.o(.text) for RCC_APB2PeriphClockCmd
    usart.o(.text) refers to stm32f10x_gpio.o(.text) for GPIO_Init
    usart.o(.text) refers to misc.o(.text) for NVIC_Init
    usart.o(.text) refers to stm32f10x_usart.o(.text) for USART_Init
    usart.o(.text) refers to usart.o(.data) for USART_RX_STA
    usart.o(.text) refers to usart.o(.bss) for USART_RX_BUF
    usart.o(.bss) refers (Special) to use_no_semi_2.o(.text) for __use_no_semihosting
    usart.o(.data) refers (Special) to use_no_semi_2.o(.text) for __use_no_semihosting
    delay.o(.text) refers to misc.o(.text) for SysTick_CLKSourceConfig
    delay.o(.text) refers to system_stm32f10x.o(.data) for SystemCoreClock
    delay.o(.text) refers to delay.o(.data) for fac_us
    main.o(.text) refers to _printf_pad.o(.text) for _printf_pre_padding
    main.o(.text) refers to _printf_percent.o(.ARM.Collect$$_printf_percent$$00000000) for _printf_percent
    main.o(.text) refers to _printf_x.o(.ARM.Collect$$_printf_percent$$0000000C) for _printf_x
    main.o(.text) refers to _printf_hex_int_ll_ptr.o(.text) for _printf_longlong_hex
    main.o(.text) refers to key.o(.text) for KEY_Scan
    main.o(.text) refers to fmul.o(x$fpl$fmul) for __aeabi_fmul
    main.o(.text) refers to ffixu.o(x$fpl$ffixu) for __aeabi_f2uiz
    main.o(.text) refers to stmflash.o(.text) for STMFLASH_Write
    main.o(.text) refers to dmul.o(x$fpl$dmul) for __aeabi_dmul
    main.o(.text) refers to dflt_clz.o(x$fpl$dfltu) for __aeabi_ui2d
    main.o(.text) refers to daddsub_clz.o(x$fpl$dadd) for __aeabi_dadd
    main.o(.text) refers to dflt_clz.o(x$fpl$dflt) for __aeabi_i2d
    main.o(.text) refers to pow.o(i.pow) for pow
    main.o(.text) refers to ddiv.o(x$fpl$ddiv) for __aeabi_ddiv
    main.o(.text) refers to d2f.o(x$fpl$d2f) for __aeabi_d2f
    main.o(.text) refers to __2printf.o(.text) for __2printf
    main.o(.text) refers to lcd.o(.text) for LCD_ShowString
    main.o(.text) refers to pid.o(.data) for Kp_buff
    main.o(.text) refers to pid.o(.bss) for pid
    main.o(.text) refers to main.o(.data) for u16Kp
    main.o(.text) refers to usart.o(.data) for USART_RX_STA
    main.o(.text) refers to usart.o(.bss) for USART_RX_BUF
    main.o(.text) refers to touch.o(.data) for tp_dev
    main.o(.text) refers to lcd.o(.bss) for lcddev
    main.o(.text) refers to f2d.o(x$fpl$f2d) for __aeabi_f2d
    main.o(.text) refers to daddsub_clz.o(x$fpl$dsub) for __aeabi_dsub
    main.o(.text) refers to ffix.o(x$fpl$ffix) for __aeabi_f2iz
    main.o(.text) refers to timer.o(.data) for rpm
    main.o(.text) refers to delay.o(.text) for delay_init
    main.o(.text) refers to misc.o(.text) for NVIC_PriorityGroupConfig
    main.o(.text) refers to led.o(.text) for LED_Init
    main.o(.text) refers to exti.o(.text) for EXTIX_Init
    main.o(.text) refers to usart.o(.text) for uart_init
    main.o(.text) refers to pid.o(.text) for PID_init
    main.o(.text) refers to __2sprintf.o(.text) for __2sprintf
    main.o(.text) refers to timer.o(.text) for TIM2_Int_Init
    main.o(.text) refers to stm32f10x_tim.o(.text) for TIM_SetCompare2
    main.o(.text) refers to lcd.o(.data) for POINT_COLOR
    system_stm32f10x.o(.text) refers to system_stm32f10x.o(.data) for SystemCoreClock
    led.o(.text) refers to stm32f10x_rcc.o(.text) for RCC_APB2PeriphClockCmd
    led.o(.text) refers to stm32f10x_gpio.o(.text) for GPIO_Init
    timer.o(.text) refers to stm32f10x_rcc.o(.text) for RCC_APB1PeriphClockCmd
[...]
    __rt_exit_exit                           0x08000271   Thumb Code     0  rtexit2.o(.ARM.Collect$$rtexit$$00000004)
    Reset_Handler                            0x08000279   Thumb Code     8  startup_stm32f10x_hd.o(.text)
    ADC1_2_IRQHandler                        0x08000293   Thumb Code     0  startup_stm32f10x_hd.o(.text)
    ADC3_IRQHandler                          0x08000293   Thumb Code     0  startup_stm32f10x_hd.o(.text)
    CAN1_RX1_IRQHandler                      0x08000293   Thumb Code     0  startup_stm32f10x_hd.o(.text)
    CAN1_SCE_IRQHandler                      0x08000293   Thumb Code     0  startup_stm32f10x_hd.o(.text)
    DMA1_Channel1_IRQHandler                 0x08000293   Thumb Code     0  startup_stm32f10x_hd.o(.text)
    DMA1_Channel2_IRQHandler                 0x08000293   Thumb Code     0  startup_stm32f10x_hd.o(.text)
    DMA1_Channel3_IRQHandler                 0x08000293   Thumb Code     0  startup_stm32f10x_hd.o(.text)
    DMA1_Channel4_IRQHandler                 0x08000293   Thumb Code     0  startup_stm32f10x_hd.o(.text)
    DMA1_Channel5_IRQHandler                 0x08000293   Thumb Code     0  startup_stm32f10x_hd.o(.text)
    DMA1_Channel6_IRQHandler                 0x08000293   Thumb Code     0  startup_stm32f10x_hd.o(.text)
    DMA1_Channel7_IRQHandler                 0x08000293   Thumb Code     0  startup_stm32f10x_hd.o(.text)
    DMA2_Channel1_IRQHandler                 0x08000293   Thumb Code     0  startup_stm32f10x_hd.o(.text)
    DMA2_Channel2_IRQHandler                 0x08000293   Thumb Code     0  startup_stm32f10x_hd.o(.text)
    DMA2_Channel3_IRQHandler                 0x08000293   Thumb Code     0  startup_stm32f10x_hd.o(.text)
    DMA2_Channel4_5_IRQHandler               0x08000293   Thumb Code     0  startup_stm32f10x_hd.o(.text)
    EXTI0_IRQHandler                         0x08000293   Thumb Code     0  startup_stm32f10x_hd.o(.text)
    EXTI15_10_IRQHandler                     0x08000293   Thumb Code     0  startup_stm32f10x_hd.o(.text)
    EXTI1_IRQHandler                         0x08000293   Thumb Code     0  startup_stm32f10x_hd.o(.text)
    EXTI2_IRQHandler                         0x08000293   Thumb Code     0  startup_stm32f10x_hd.o(.text)
    EXTI4_IRQHandler                         0x08000293   Thumb Code     0  startup_stm32f10x_hd.o(.text)
    EXTI9_5_IRQHandler                       0x08000293   Thumb Code     0  startup_stm32f10x_hd.o(.text)
    FLASH_IRQHandler                         0x08000293   Thumb Code     0  startup_stm32f10x_hd.o(.text)
    FSMC_IRQHandler                          0x08000293   Thumb Code     0  startup_stm32f10x_hd.o(.text)
    I2C1_ER_IRQHandler                       0x08000293   Thumb Code     0  startup_stm32f10x_hd.o(.text)
    I2C1_EV_IRQHandler                       0x08000293   Thumb Code     0  startup_stm32f10x_hd.o(.text)
    I2C2_ER_IRQHandler                       0x08000293   Thumb Code     0  startup_stm32f10x_hd.o(.text)
    I2C2_EV_IRQHandler                       0x08000293   Thumb Code     0  startup_stm32f10x_hd.o(.text)
    PVD_IRQHandler                           0x08000293   Thumb Code     0  startup_stm32f10x_hd.o(.text)
    RCC_IRQHandler                           0x08000293   Thumb Code     0  startup_stm32f10x_hd.o(.text)
    RTCAlarm_IRQHandler                      0x08000293   Thumb Code     0  startup_stm32f10x_hd.o(.text)
    RTC_IRQHandler                           0x08000293   Thumb Code     0  startup_stm32f10x_hd.o(.text)
    SDIO_IRQHandler                          0x08000293   Thumb Code     0  startup_stm32f10x_hd.o(.text)
    SPI1_IRQHandler                          0x08000293   Thumb Code     0  startup_stm32f10x_hd.o(.text)
    SPI2_IRQHandler                          0x08000293   Thumb Code     0  startup_stm32f10x_hd.o(.text)
    SPI3_IRQHandler                          0x08000293   Thumb Code     0  startup_stm32f10x_hd.o(.text)
    TAMPER_IRQHandler                        0x08000293   Thumb Code     0  startup_stm32f10x_hd.o(.text)
    TIM1_BRK_IRQHandler                      0x08000293   Thumb Code     0  startup_stm32f10x_hd.o(.text)
    TIM1_CC_IRQHandler                       0x08000293   Thumb Code     0  startup_stm32f10x_hd.o(.text)
    TIM1_TRG_COM_IRQHandler                  0x08000293   Thumb Code     0  startup_stm32f10x_hd.o(.text)
    TIM1_UP_IRQHandler                       0x08000293   Thumb Code     0  startup_stm32f10x_hd.o(.text)
    TIM3_IRQHandler                          0x08000293   Thumb Code     0  startup_stm32f10x_hd.o(.text)
    TIM4_IRQHandler                          0x08000293   Thumb Code     0  startup_stm32f10x_hd.o(.text)
    TIM5_IRQHandler                          0x08000293   Thumb Code     0  startup_stm32f10x_hd.o(.text)
    TIM6_IRQHandler                          0x08000293   Thumb Code     0  startup_stm32f10x_hd.o(.text)
    TIM7_IRQHandler                          0x08000293   Thumb Code     0  startup_stm32f10x_hd.o(.text)
    TIM8_BRK_IRQHandler                      0x08000293   Thumb Code     0  startup_stm32f10x_hd.o(.text)
    TIM8_CC_IRQHandler                       0x08000293   Thumb Code     0  startup_stm32f10x_hd.o(.text)
    TIM8_TRG_COM_IRQHandler                  0x08000293   Thumb Code     0  startup_stm32f10x_hd.o(.text)
    TIM8_UP_IRQHandler                       0x08000293   Thumb Code     0  startup_stm32f10x_hd.o(.text)
    UART4_IRQHandler                         0x08000293   Thumb Code     0  startup_stm32f10x_hd.o(.text)
    UART5_IRQHandler                         0x08000293   Thumb Code     0  startup_stm32f10x_hd.o(.text)
    USART2_IRQHandler                        0x08000293   Thumb Code     0  startup_stm32f10x_hd.o(.text)
    USART3_IRQHandler                        0x08000293   Thumb Code     0  startup_stm32f10x_hd.o(.text)
    USBWakeUp_IRQHandler                     0x08000293   Thumb Code     0  startup_stm32f10x_hd.o(.text)
    USB_HP_CAN1_TX_IRQHandler                0x08000293   Thumb Code     0  startup_stm32f10x_hd.o(.text)
    USB_LP_CAN1_RX0_IRQHandler               0x08000293   Thumb Code     0  startup_stm32f10x_hd.o(.text)
    WWDG_IRQHandler                          0x08000293   Thumb Code     0  startup_stm32f10x_hd.o(.text)
    __user_initial_stackheap                 0x08000295   Thumb Code     0  startup_stm32f10x_hd.o(.text)
    _sys_exit                                0x080002b9   Thumb Code     4  usart.o(.text)
    fputc                                    0x080002bd   Thumb Code    24  usart.o(.text)
    uart_init                                0x080002d5   Thumb Code   152  usart.o(.text)
    USART1_IRQHandler                        0x0800036d   Thumb Code   122  usart.o(.text)
    delay_init                               0x080003f9   Thumb Code    50  delay.o(.text)
    delay_us                                 0x0800042b   Thumb Code    72  delay.o(.text)
    delay_ms                                 0x08000473   Thumb Code    72  delay.o(.text)
    Check_the_reset_button                   0x080004cd   Thumb Code   176  main.o(.text)
    string_to_float                          0x0800057d   Thumb Code   228  main.o(.text)
    Usart_Change_Parameter                   0x08000661   Thumb Code   386  main.o(.text)
    LCD_ShowButton                           0x080007e3   Thumb Code   160  main.o(.text)
    detect_touch                             0x08000883   Thumb Code  1098  main.o(.text)
    LCD_ShowData                             0x08000ccd   Thumb Code   522  main.o(.text)
    LCD_Refresh                              0x08000ed7   Thumb Code   106  main.o(.text)
    main                                     0x08000f41   Thumb Code   236  main.o(.text)
    NMI_Handler                              0x0800108d   Thumb Code     2  stm32f10x_it.o(.text)
    HardFault_Handler                        0x0800108f   Thumb Code     4  stm32f10x_it.o(.text)
    MemManage_Handler                        0x08001093   Thumb Code     4  stm32f10x_it.o(.text)
    BusFault_Handler                         0x08001097   Thumb Code     4  stm32f10x_it.o(.text)
    UsageFault_Handler                       0x0800109b   Thumb Code     4  stm32f10x_it.o(.text)
    SVC_Handler                              0x0800109f   Thumb Code     2  stm32f10x_it.o(.text)
    DebugMon_Handler                         0x080010a1   Thumb Code     2  stm32f10x_it.o(.text)
    PendSV_Handler                           0x080010a3   Thumb Code     2  stm32f10x_it.o(.text)
    SysTick_Handler                          0x080010a5   Thumb Code     2  stm32f10x_it.o(.text)
    SystemInit                               0x08001187   Thumb Code    78  system_stm32f10x.o(.text)
    SystemCoreClockUpdate                    0x080011d5   Thumb Code   142  system_stm32f10x.o(.text)
    LED_Init                                 0x08001289   Thumb Code    68  led.o(.text)
    TIM3_PWM_Init                            0x080012d5   Thumb Code   130  timer.o(.text)
    TIM2_Int_Init                            0x08001357   Thumb Code    92  timer.o(.text)
    TIM2_IRQHandler                          0x080013b3   Thumb Code   164  timer.o(.text)
    IntToStr                                 0x08001457   Thumb Code    92  timer.o(.text)
    SentSpeed                                0x080014b3   Thumb Code    32  timer.o(.text)
    EXTIX_Init                               0x08001519   Thumb Code    74  exti.o(.text)
    EXTI3_IRQHandler                         0x08001563   Thumb Code    20  exti.o(.text)
    KEY_Init                                 0x0800157d   Thumb Code    52  key.o(.text)
    KEY_Scan                                 0x080015b1   Thumb Code   150  key.o(.text)
    PID_init                                 0x08001655   Thumb Code   192  pid.o(.text)
    PID_realize                              0x08001715   Thumb Code   140  pid.o(.text)
    LCD_WR_REG                               0x080017c1   Thumb Code     6  lcd.o(.text)
    LCD_WR_DATA                              0x080017c7   Thumb Code     8  lcd.o(.text)
    LCD_RD_DATA                              0x080017cf   Thumb Code    16  lcd.o(.text)
    LCD_WriteReg                             0x080017df   Thumb Code    10  lcd.o(.text)
    LCD_ReadReg                              0x080017e9   Thumb Code    22  lcd.o(.text)
    LCD_WriteRAM_Prepare                     0x080017ff   Thumb Code    10  lcd.o(.text)
    LCD_WriteRAM                             0x08001809   Thumb Code     8  lcd.o(.text)
    LCD_BGR2RGB                              0x08001811   Thumb Code    26  lcd.o(.text)
    opt_delay                                0x0800182b   Thumb Code    14  lcd.o(.text)
    LCD_SetCursor                            0x08001839   Thumb Code   418  lcd.o(.text)
    LCD_ReadPoint                            0x080019db   Thumb Code   360  lcd.o(.text)
    LCD_DisplayOn                            0x08001b43   Thumb Code   102  lcd.o(.text)
    LCD_DisplayOff                           0x08001ba9   Thumb Code    90  lcd.o(.text)
    LCD_Scan_Dir                             0x08001c03   Thumb Code   744  lcd.o(.text)
    LCD_DrawPoint                            0x08001eeb   Thumb Code    28  lcd.o(.text)
    LCD_Fast_DrawPoint                       0x08001f07   Thumb Code   384  lcd.o(.text)
    LCD_SSD_BackLightSet                     0x08002087   Thumb Code    80  lcd.o(.text)
    LCD_Display_Dir                          0x080020d7   Thumb Code   444  lcd.o(.text)
    LCD_Set_Window                           0x08002293   Thumb Code   540  lcd.o(.text)
    LCD_Clear                                0x080024af   Thumb Code   100  lcd.o(.text)
    LCD_Init                                 0x08002513   Thumb Code 14184  lcd.o(.text)
    LCD_Fill                                 0x08005c7b   Thumb Code   178  lcd.o(.text)
    LCD_Color_Fill                           0x08005d2d   Thumb Code   106  lcd.o(.text)
    LCD_DrawLine                             0x08005d97   Thumb Code   176  lcd.o(.text)
    LCD_DrawRectangle                        0x08005e47   Thumb Code    60  lcd.o(.text)
    LCD_Draw_Circle                          0x08005e83   Thumb Code   152  lcd.o(.text)
    LCD_ShowChar                             0x08005f1b   Thumb Code   272  lcd.o(.text)
    LCD_Pow                                  0x0800602b   Thumb Code    22  lcd.o(.text)
    LCD_ShowNum                              0x08006041   Thumb Code   148  lcd.o(.text)
    LCD_ShowxNum                             0x080060d5   Thumb Code   220  lcd.o(.text)
    LCD_ShowString                           0x080061b1   Thumb Code   102  lcd.o(.text)
    AT24CXX_Init                             0x08006217   Thumb Code     8  24cxx.o(.text)
    AT24CXX_ReadOneByte                      0x0800621f   Thumb Code    88  24cxx.o(.text)
    AT24CXX_WriteOneByte                     0x08006277   Thumb Code    80  24cxx.o(.text)
    AT24CXX_WriteLenByte                     0x080062c7   Thumb Code    42  24cxx.o(.text)
    AT24CXX_ReadLenByte                      0x080062f1   Thumb Code    44  24cxx.o(.text)
    AT24CXX_Check                            0x0800631d   Thumb Code    46  24cxx.o(.text)
    AT24CXX_Read                             0x0800634b   Thumb Code    34  24cxx.o(.text)
    AT24CXX_Write                            0x0800636d   Thumb Code    36  24cxx.o(.text)
    IIC_Init                                 0x08006391   Thumb Code    46  myiic.o(.text)
    IIC_Start                                0x080063bf   Thumb Code    64  myiic.o(.text)
    IIC_Stop                                 0x080063ff   Thumb Code    66  myiic.o(.text)
    IIC_Wait_Ack                             0x08006441   Thumb Code    86  myiic.o(.text)
    IIC_Ack                                  0x08006497   Thumb Code    70  myiic.o(.text)
    IIC_NAck                                 0x080064dd   Thumb Code    70  myiic.o(.text)
    IIC_Send_Byte                            0x08006523   Thumb Code   104  myiic.o(.text)
    IIC_Read_Byte                            0x0800658b   Thumb Code   100  myiic.o(.text)
    TP_Write_Byte                            0x080065fd   Thumb Code    64  touch.o(.text)
    TP_Read_AD                               0x0800663d   Thumb Code   136  touch.o(.text)
    TP_Read_XOY                              0x080066c5   Thumb Code   120  touch.o(.text)
    TP_Read_XY                               0x0800673d   Thumb Code    38  touch.o(.text)
    TP_Read_XY2                              0x08006763   Thumb Code   192  touch.o(.text)
    TP_Drow_Touch_Point                      0x08006823   Thumb Code   108  touch.o(.text)
    TP_Draw_Big_Point                        0x0800688f   Thumb Code    54  touch.o(.text)
    TP_Scan                                  0x080068c5   Thumb Code   264  touch.o(.text)
    TP_Save_Adjdata                          0x080069cd   Thumb Code    24  touch.o(.text)
    TP_Get_Adjdata                           0x080069e5   Thumb Code   104  touch.o(.text)
    TP_Adj_Info_Show                         0x08006a4d   Thumb Code   374  touch.o(.text)
    TP_Adjust                                0x08006bc3   Thumb Code  2128  touch.o(.text)
    TP_Init                                  0x08007413   Thumb Code   188  touch.o(.text)
    STMFLASH_ReadHalfWord                    0x08007519   Thumb Code     6  stmflash.o(.text)
    STMFLASH_Write_NoCheck                   0x0800751f   Thumb Code    38  stmflash.o(.text)
    STMFLASH_Read                            0x08007545   Thumb Code    34  stmflash.o(.text)
    STMFLASH_Write                           0x08007567   Thumb Code   222  stmflash.o(.text)
    Test_Write                               0x08007645   Thumb Code    16  stmflash.o(.text)
    NVIC_PriorityGroupConfig                 0x0800765d   Thumb Code    10  misc.o(.text)
    NVIC_Init                                0x08007667   Thumb Code   100  misc.o(.text)
    NVIC_SetVectorTable                      0x080076cb   Thumb Code    14  misc.o(.text)
    NVIC_SystemLPConfig                      0x080076d9   Thumb Code    34  misc.o(.text)
    SysTick_CLKSourceConfig                  0x080076fb   Thumb Code    40  misc.o(.text)
    EXTI_DeInit                              0x08007739   Thumb Code    28  stm32f10x_exti.o(.text)
    EXTI_Init                                0x08007755   Thumb Code   142  stm32f10x_exti.o(.text)
    EXTI_StructInit                          0x080077e3   Thumb Code    16  stm32f10x_exti.o(.text)
    EXTI_GenerateSWInterrupt                 0x080077f3   Thumb Code    16  stm32f10x_exti.o(.text)
    EXTI_GetFlagStatus                       0x08007803   Thumb Code    22  stm32f10x_exti.o(.text)
    EXTI_ClearFlag                           0x08007819   Thumb Code     8  stm32f10x_exti.o(.text)
    EXTI_GetITStatus                         0x08007821   Thumb Code    34  stm32f10x_exti.o(.text)
    EXTI_ClearITPendingBit                   0x08007843   Thumb Code     8  stm32f10x_exti.o(.text)
    FLASH_SetLatency                         0x08007855   Thumb Code    18  stm32f10x_flash.o(.text)
    FLASH_HalfCycleAccessCmd                 0x08007867   Thumb Code    22  stm32f10x_flash.o(.text)
    FLASH_PrefetchBufferCmd                  0x0800787d   Thumb Code    22  stm32f10x_flash.o(.text)
    FLASH_Unlock                             0x08007893   Thumb Code    12  stm32f10x_flash.o(.text)
    FLASH_UnlockBank1                        0x0800789f   Thumb Code    12  stm32f10x_flash.o(.text)
    FLASH_Lock                               0x080078ab   Thumb Code    14  stm32f10x_flash.o(.text)
    FLASH_LockBank1                          0x080078b9   Thumb Code    14  stm32f10x_flash.o(.text)
    FLASH_GetBank1Status                     0x080078c7   Thumb Code    48  stm32f10x_flash.o(.text)
    FLASH_WaitForLastOperation               0x080078f7   Thumb Code    38  stm32f10x_flash.o(.text)
    FLASH_ErasePage                          0x0800791d   Thumb Code    72  stm32f10x_flash.o(.text)
    FLASH_EraseAllPages                      0x08007965   Thumb Code    68  stm32f10x_flash.o(.text)
    FLASH_WaitForLastBank1Operation          0x080079a9   Thumb Code    38  stm32f10x_flash.o(.text)
    FLASH_EraseAllBank1Pages                 0x080079cf   Thumb Code    68  stm32f10x_flash.o(.text)
    FLASH_GetReadOutProtectionStatus         0x08007a13   Thumb Code    20  stm32f10x_flash.o(.text)
    FLASH_EraseOptionBytes                   0x08007a27   Thumb Code   150  stm32f10x_flash.o(.text)
    FLASH_ProgramWord                        0x08007abd   Thumb Code   102  stm32f10x_flash.o(.text)
    FLASH_ProgramHalfWord                    0x08007b23   Thumb Code    60  stm32f10x_flash.o(.text)
    FLASH_ProgramOptionByteData              0x08007b5f   Thumb Code    72  stm32f10x_flash.o(.text)
    FLASH_EnableWriteProtection              0x08007ba7   Thumb Code   200  stm32f10x_flash.o(.text)
    FLASH_ReadOutProtection                  0x08007c6f   Thumb Code   156  stm32f10x_flash.o(.text)
    FLASH_UserOptionByteConfig               0x08007d0b   Thumb Code    88  stm32f10x_flash.o(.text)
    FLASH_GetUserOptionByte                  0x08007d63   Thumb Code     8  stm32f10x_flash.o(.text)
    FLASH_GetWriteProtectionOptionByte       0x08007d6b   Thumb Code     6  stm32f10x_flash.o(.text)
    FLASH_GetPrefetchBufferStatus            0x08007d71   Thumb Code    20  stm32f10x_flash.o(.text)
    FLASH_ITConfig                           0x08007d85   Thumb Code    26  stm32f10x_flash.o(.text)
    FLASH_GetFlagStatus                      0x08007d9f   Thumb Code    42  stm32f10x_flash.o(.text)
    FLASH_ClearFlag                          0x08007dc9   Thumb Code     6  stm32f10x_flash.o(.text)
    FLASH_GetStatus                          0x08007dcf   Thumb Code    48  stm32f10x_flash.o(.text)
    FSMC_NORSRAMDeInit                       0x08007e11   Thumb Code    54  stm32f10x_fsmc.o(.text)
    FSMC_NANDDeInit                          0x08007e47   Thumb Code    62  stm32f10x_fsmc.o(.text)
    FSMC_PCCARDDeInit                        0x08007e85   Thumb Code    36  stm32f10x_fsmc.o(.text)
    FSMC_NORSRAMInit                         0x08007ea9   Thumb Code   230  stm32f10x_fsmc.o(.text)
    FSMC_NANDInit                            0x08007f8f   Thumb Code   132  stm32f10x_fsmc.o(.text)
    FSMC_PCCARDInit                          0x08008013   Thumb Code   130  stm32f10x_fsmc.o(.text)
    FSMC_NORSRAMStructInit                   0x08008095   Thumb Code   114  stm32f10x_fsmc.o(.text)
    FSMC_NANDStructInit                      0x08008107   Thumb Code    54  stm32f10x_fsmc.o(.text)
    FSMC_PCCARDStructInit                    0x0800813d   Thumb Code    60  stm32f10x_fsmc.o(.text)
    FSMC_NORSRAMCmd                          0x08008179   Thumb Code    46  stm32f10x_fsmc.o(.text)
    FSMC_NANDCmd                             0x080081a7   Thumb Code    86  stm32f10x_fsmc.o(.text)
    FSMC_PCCARDCmd                           0x080081fd   Thumb Code    44  stm32f10x_fsmc.o(.text)
    FSMC_NANDECCCmd                          0x08008229   Thumb Code    90  stm32f10x_fsmc.o(.text)
    FSMC_GetECC                              0x08008283   Thumb Code    24  stm32f10x_fsmc.o(.text)
    FSMC_ITConfig                            0x0800829b   Thumb Code   128  stm32f10x_fsmc.o(.text)
    FSMC_GetFlagStatus                       0x0800831b   Thumb Code    54  stm32f10x_fsmc.o(.text)
    FSMC_ClearFlag                           0x08008351   Thumb Code    62  stm32f10x_fsmc.o(.text)
    FSMC_GetITStatus                         0x0800838f   Thumb Code    64  stm32f10x_fsmc.o(.text)
    FSMC_ClearITPendingBit                   0x080083cf   Thumb Code    68  stm32f10x_fsmc.o(.text)
    GPIO_DeInit                              0x0800841d   Thumb Code   172  stm32f10x_gpio.o(.text)
    GPIO_AFIODeInit                          0x080084c9   Thumb Code    20  stm32f10x_gpio.o(.text)
    GPIO_Init                                0x080084dd   Thumb Code   278  stm32f10x_gpio.o(.text)
    GPIO_StructInit                          0x080085f3   Thumb Code    16  stm32f10x_gpio.o(.text)
    GPIO_ReadInputDataBit                    0x08008603   Thumb Code    18  stm32f10x_gpio.o(.text)
    GPIO_ReadInputData                       0x08008615   Thumb Code     8  stm32f10x_gpio.o(.text)
    GPIO_ReadOutputDataBit                   0x0800861d   Thumb Code    18  stm32f10x_gpio.o(.text)
    GPIO_ReadOutputData                      0x0800862f   Thumb Code     8  stm32f10x_gpio.o(.text)
    GPIO_SetBits                             0x08008637   Thumb Code     4  stm32f10x_gpio.o(.text)
    GPIO_ResetBits                           0x0800863b   Thumb Code     4  stm32f10x_gpio.o(.text)
    GPIO_WriteBit                            0x0800863f   Thumb Code    10  stm32f10x_gpio.o(.text)
    GPIO_Write                               0x08008649   Thumb Code     4  stm32f10x_gpio.o(.text)
    GPIO_PinLockConfig                       0x0800864d   Thumb Code    18  stm32f10x_gpio.o(.text)
    GPIO_EventOutputConfig                   0x0800865f   Thumb Code    26  stm32f10x_gpio.o(.text)
    GPIO_EventOutputCmd                      0x08008679   Thumb Code     6  stm32f10x_gpio.o(.text)
    GPIO_PinRemapConfig                      0x0800867f   Thumb Code   138  stm32f10x_gpio.o(.text)
    GPIO_EXTILineConfig                      0x08008709   Thumb Code    66  stm32f10x_gpio.o(.text)
    GPIO_ETH_MediaInterfaceConfig            0x0800874b   Thumb Code     8  stm32f10x_gpio.o(.text)
    RCC_DeInit                               0x08008779   Thumb Code    64  stm32f10x_rcc.o(.text)
    RCC_HSEConfig                            0x080087b9   Thumb Code    70  stm32f10x_rcc.o(.text)
    RCC_GetFlagStatus                        0x080087ff   Thumb Code    56  stm32f10x_rcc.o(.text)
    RCC_WaitForHSEStartUp                    0x08008837   Thumb Code    56  stm32f10x_rcc.o(.text)
    RCC_AdjustHSICalibrationValue            0x0800886f   Thumb Code    20  stm32f10x_rcc.o(.text)
    RCC_HSICmd                               0x08008883   Thumb Code     6  stm32f10x_rcc.o(.text)
    RCC_PLLConfig                            0x08008889   Thumb Code    24  stm32f10x_rcc.o(.text)
    RCC_PLLCmd                               0x080088a1   Thumb Code     6  stm32f10x_rcc.o(.text)
    RCC_SYSCLKConfig                         0x080088a7   Thumb Code    18  stm32f10x_rcc.o(.text)
    RCC_GetSYSCLKSource                      0x080088b9   Thumb Code    10  stm32f10x_rcc.o(.text)
    RCC_HCLKConfig                           0x080088c3   Thumb Code    18  stm32f10x_rcc.o(.text)
    RCC_PCLK1Config                          0x080088d5   Thumb Code    18  stm32f10x_rcc.o(.text)
    RCC_PCLK2Config                          0x080088e7   Thumb Code    20  stm32f10x_rcc.o(.text)
    RCC_ITConfig                             0x080088fb   Thumb Code    26  stm32f10x_rcc.o(.text)
    RCC_USBCLKConfig                         0x08008915   Thumb Code     8  stm32f10x_rcc.o(.text)
    RCC_ADCCLKConfig                         0x0800891d   Thumb Code    18  stm32f10x_rcc.o(.text)
    RCC_LSEConfig                            0x0800892f   Thumb Code    50  stm32f10x_rcc.o(.text)
    RCC_LSICmd                               0x08008961   Thumb Code     6  stm32f10x_rcc.o(.text)
    RCC_RTCCLKConfig                         0x08008967   Thumb Code    12  stm32f10x_rcc.o(.text)
    RCC_RTCCLKCmd                            0x08008973   Thumb Code     8  stm32f10x_rcc.o(.text)
    RCC_GetClocksFreq                        0x0800897b   Thumb Code   192  stm32f10x_rcc.o(.text)
    RCC_AHBPeriphClockCmd                    0x08008a3b   Thumb Code    26  stm32f10x_rcc.o(.text)
    RCC_APB2PeriphClockCmd                   0x08008a55   Thumb Code    26  stm32f10x_rcc.o(.text)
    RCC_APB1PeriphClockCmd                   0x08008a6f   Thumb Code    26  stm32f10x_rcc.o(.text)
    RCC_APB2PeriphResetCmd                   0x08008a89   Thumb Code    26  stm32f10x_rcc.o(.text)
    RCC_APB1PeriphResetCmd                   0x08008aa3   Thumb Code    26  stm32f10x_rcc.o(.text)
    RCC_BackupResetCmd                       0x08008abd   Thumb Code     8  stm32f10x_rcc.o(.text)
    RCC_ClockSecuritySystemCmd               0x08008ac5   Thumb Code     6  stm32f10x_rcc.o(.text)
    RCC_MCOConfig                            0x08008acb   Thumb Code     6  stm32f10x_rcc.o(.text)
    RCC_ClearFlag                            0x08008ad1   Thumb Code    14  stm32f10x_rcc.o(.text)
    RCC_GetITStatus                          0x08008adf   Thumb Code    20  stm32f10x_rcc.o(.text)
    RCC_ClearITPendingBit                    0x08008af3   Thumb Code     6  stm32f10x_rcc.o(.text)
    TIM_DeInit                               0x08008b1d   Thumb Code   424  stm32f10x_tim.o(.text)
    TIM_TimeBaseInit                         0x08008cc5   Thumb Code   122  stm32f10x_tim.o(.text)
    TIM_OC1Init                              0x08008d3f   Thumb Code   132  stm32f10x_tim.o(.text)
    TIM_OC2Init                              0x08008dc3   Thumb Code   154  stm32f10x_tim.o(.text)
    TIM_OC3Init                              0x08008e5d   Thumb Code   150  stm32f10x_tim.o(.text)
    TIM_OC4Init                              0x08008ef3   Thumb Code   182  stm32f10x_tim.o(.text)
    TIM_SetIC4Prescaler                      0x08008fa9   Thumb Code    26  stm32f10x_tim.o(.text)
    TIM_SetIC3Prescaler                      0x08009045   Thumb Code    18  stm32f10x_tim.o(.text)
    TIM_SetIC2Prescaler                      0x080090d1   Thumb Code    26  stm32f10x_tim.o(.text)
    TIM_SetIC1Prescaler                      0x0800916d   Thumb Code    18  stm32f10x_tim.o(.text)
    TIM_ICInit                               0x080091eb   Thumb Code   150  stm32f10x_tim.o(.text)
    TIM_PWMIConfig                           0x08009281   Thumb Code   124  stm32f10x_tim.o(.text)
    TIM_BDTRConfig                           0x080092fd   Thumb Code    32  stm32f10x_tim.o(.text)
    TIM_TimeBaseStructInit                   0x0800931d   Thumb Code    18  stm32f10x_tim.o(.text)
    TIM_OCStructInit                         0x0800932f   Thumb Code    20  stm32f10x_tim.o(.text)
    TIM_ICStructInit                         0x08009343   Thumb Code    18  stm32f10x_tim.o(.text)
    TIM_BDTRStructInit                       0x08009355   Thumb Code    40  stm32f10x_tim.o(.text)
    TIM_Cmd                                  0x0800937d   Thumb Code    24  stm32f10x_tim.o(.text)
    TIM_CtrlPWMOutputs                       0x08009395   Thumb Code    30  stm32f10x_tim.o(.text)
    TIM_ITConfig                             0x080093b3   Thumb Code    18  stm32f10x_tim.o(.text)
    TIM_GenerateEvent                        0x080093c5   Thumb Code     4  stm32f10x_tim.o(.text)
    TIM_DMAConfig                            0x080093c9   Thumb Code    10  stm32f10x_tim.o(.text)
    TIM_DMACmd                               0x080093d3   Thumb Code    18  stm32f10x_tim.o(.text)
    TIM_InternalClockConfig                  0x080093e5   Thumb Code    12  stm32f10x_tim.o(.text)
    TIM_SelectInputTrigger                   0x080093f1   Thumb Code    18  stm32f10x_tim.o(.text)
    TIM_ITRxExternalClockConfig              0x08009403   Thumb Code    24  stm32f10x_tim.o(.text)
    TIM_TIxExternalClockConfig               0x0800941b   Thumb Code    62  stm32f10x_tim.o(.text)
    TIM_ETRConfig                            0x08009459   Thumb Code    28  stm32f10x_tim.o(.text)
    TIM_ETRClockMode1Config                  0x08009475   Thumb Code    54  stm32f10x_tim.o(.text)
    TIM_ETRClockMode2Config                  0x080094ab   Thumb Code    32  stm32f10x_tim.o(.text)
    TIM_PrescalerConfig                      0x080094cb   Thumb Code     6  stm32f10x_tim.o(.text)
    TIM_CounterModeConfig                    0x080094d1   Thumb Code    18  stm32f10x_tim.o(.text)
    TIM_EncoderInterfaceConfig               0x080094e3   Thumb Code    66  stm32f10x_tim.o(.text)
    TIM_ForcedOC1Config                      0x08009525   Thumb Code    18  stm32f10x_tim.o(.text)
    TIM_ForcedOC2Config                      0x08009537   Thumb Code    26  stm32f10x_tim.o(.text)
    TIM_ForcedOC3Config                      0x08009551   Thumb Code    18  stm32f10x_tim.o(.text)
    TIM_ForcedOC4Config                      0x08009563   Thumb Code    26  stm32f10x_tim.o(.text)
    TIM_ARRPreloadConfig                     0x0800957d   Thumb Code    24  stm32f10x_tim.o(.text)
    TIM_SelectCOM                            0x08009595   Thumb Code    24  stm32f10x_tim.o(.text)
    TIM_SelectCCDMA                          0x080095ad   Thumb Code    24  stm32f10x_tim.o(.text)
    TIM_CCPreloadControl                     0x080095c5   Thumb Code    24  stm32f10x_tim.o(.text)
    TIM_OC1PreloadConfig                     0x080095dd   Thumb Code    18  stm32f10x_tim.o(.text)
    TIM_OC2PreloadConfig                     0x080095ef   Thumb Code    26  stm32f10x_tim.o(.text)
    TIM_OC3PreloadConfig                     0x08009609   Thumb Code    18  stm32f10x_tim.o(.text)
    TIM_OC4PreloadConfig                     0x0800961b   Thumb Code    26  stm32f10x_tim.o(.text)
    TIM_OC1FastConfig                        0x08009635   Thumb Code    18  stm32f10x_tim.o(.text)
    TIM_OC2FastConfig                        0x08009647   Thumb Code    26  stm32f10x_tim.o(.text)
    TIM_OC3FastConfig                        0x08009661   Thumb Code    18  stm32f10x_tim.o(.text)
    TIM_OC4FastConfig                        0x08009673   Thumb Code    26  stm32f10x_tim.o(.text)
    TIM_ClearOC1Ref                          0x0800968d   Thumb Code    18  stm32f10x_tim.o(.text)
    TIM_ClearOC2Ref                          0x0800969f   Thumb Code    24  stm32f10x_tim.o(.text)
    TIM_ClearOC3Ref                          0x080096b7   Thumb Code    18  stm32f10x_tim.o(.text)
    TIM_ClearOC4Ref                          0x080096c9   Thumb Code    24  stm32f10x_tim.o(.text)
    TIM_OC1PolarityConfig                    0x080096e1   Thumb Code    18  stm32f10x_tim.o(.text)
    TIM_OC1NPolarityConfig                   0x080096f3   Thumb Code    18  stm32f10x_tim.o(.text)
    TIM_OC2PolarityConfig                    0x08009705   Thumb Code    26  stm32f10x_tim.o(.text)
    TIM_OC2NPolarityConfig                   0x0800971f   Thumb Code    26  stm32f10x_tim.o(.text)
    TIM_OC3PolarityConfig                    0x08009739   Thumb Code    26  stm32f10x_tim.o(.text)
    TIM_OC3NPolarityConfig                   0x08009753   Thumb Code    26  stm32f10x_tim.o(.text)
    TIM_OC4PolarityConfig                    0x0800976d   Thumb Code    26  stm32f10x_tim.o(.text)
    TIM_CCxCmd                               0x08009787   Thumb Code    30  stm32f10x_tim.o(.text)
    TIM_CCxNCmd                              0x080097a5   Thumb Code    30  stm32f10x_tim.o(.text)
    TIM_SelectOCxM                           0x080097c3   Thumb Code    82  stm32f10x_tim.o(.text)
    TIM_UpdateDisableConfig                  0x08009815   Thumb Code    24  stm32f10x_tim.o(.text)
    TIM_UpdateRequestConfig                  0x0800982d   Thumb Code    24  stm32f10x_tim.o(.text)
    TIM_SelectHallSensor                     0x08009845   Thumb Code    24  stm32f10x_tim.o(.text)
    TIM_SelectOnePulseMode                   0x0800985d   Thumb Code    18  stm32f10x_tim.o(.text)
    TIM_SelectOutputTrigger                  0x0800986f   Thumb Code    18  stm32f10x_tim.o(.text)
    TIM_SelectSlaveMode                      0x08009881   Thumb Code    18  stm32f10x_tim.o(.text)
    TIM_SelectMasterSlaveMode                0x08009893   Thumb Code    18  stm32f10x_tim.o(.text)
    TIM_SetCounter                           0x080098a5   Thumb Code     4  stm32f10x_tim.o(.text)
    TIM_SetAutoreload                        0x080098a9   Thumb Code     4  stm32f10x_tim.o(.text)
    TIM_SetCompare1                          0x080098ad   Thumb Code     4  stm32f10x_tim.o(.text)
    TIM_SetCompare2                          0x080098b1   Thumb Code     4  stm32f10x_tim.o(.text)
    TIM_SetCompare3                          0x080098b5   Thumb Code     4  stm32f10x_tim.o(.text)
    TIM_SetCompare4                          0x080098b9   Thumb Code     6  stm32f10x_tim.o(.text)
    TIM_SetClockDivision                     0x080098bf   Thumb Code    18  stm32f10x_tim.o(.text)
    TIM_GetCapture1                          0x080098d1   Thumb Code     6  stm32f10x_tim.o(.text)
    TIM_GetCapture2                          0x080098d7   Thumb Code     6  stm32f10x_tim.o(.text)
    TIM_GetCapture3                          0x080098dd   Thumb Code     6  stm32f10x_tim.o(.text)
    TIM_GetCapture4                          0x080098e3   Thumb Code     8  stm32f10x_tim.o(.text)
    TIM_GetCounter                           0x080098eb   Thumb Code     6  stm32f10x_tim.o(.text)
    TIM_GetPrescaler                         0x080098f1   Thumb Code     6  stm32f10x_tim.o(.text)
    TIM_GetFlagStatus                        0x080098f7   Thumb Code    18  stm32f10x_tim.o(.text)
    TIM_ClearFlag                            0x08009909   Thumb Code     6  stm32f10x_tim.o(.text)
    TIM_GetITStatus                          0x0800990f   Thumb Code    34  stm32f10x_tim.o(.text)
    TIM_ClearITPendingBit                    0x08009931   Thumb Code     6  stm32f10x_tim.o(.text)
    USART_DeInit                             0x08009939   Thumb Code   134  stm32f10x_usart.o(.text)
    USART_Init                               0x080099bf   Thumb Code   210  stm32f10x_usart.o(.text)
    USART_StructInit                         0x08009a91   Thumb Code    24  stm32f10x_usart.o(.text)
    USART_ClockInit                          0x08009aa9   Thumb Code    34  stm32f10x_usart.o(.text)
    USART_ClockStructInit                    0x08009acb   Thumb Code    12  stm32f10x_usart.o(.text)
    USART_Cmd                                0x08009ad7   Thumb Code    24  stm32f10x_usart.o(.text)
    USART_ITConfig                           0x08009aef   Thumb Code    74  stm32f10x_usart.o(.text)
    USART_DMACmd                             0x08009b39   Thumb Code    18  stm32f10x_usart.o(.text)
    USART_SetAddress                         0x08009b4b   Thumb Code    18  stm32f10x_usart.o(.text)
    USART_WakeUpConfig                       0x08009b5d   Thumb Code    18  stm32f10x_usart.o(.text)
    USART_ReceiverWakeUpCmd                  0x08009b6f   Thumb Code    24  stm32f10x_usart.o(.text)
    USART_LINBreakDetectLengthConfig         0x08009b87   Thumb Code    18  stm32f10x_usart.o(.text)
    USART_LINCmd                             0x08009b99   Thumb Code    24  stm32f10x_usart.o(.text)
    USART_SendData                           0x08009bb1   Thumb Code     8  stm32f10x_usart.o(.text)
    USART_ReceiveData                        0x08009bb9   Thumb Code    10  stm32f10x_usart.o(.text)
    USART_SendBreak                          0x08009bc3   Thumb Code    10  stm32f10x_usart.o(.text)
    USART_SetGuardTime                       0x08009bcd   Thumb Code    16  stm32f10x_usart.o(.text)
    USART_SetPrescaler                       0x08009bdd   Thumb Code    16  stm32f10x_usart.o(.text)
    USART_SmartCardCmd                       0x08009bed   Thumb Code    24  stm32f10x_usart.o(.text)
    USART_SmartCardNACKCmd                   0x08009c05   Thumb Code    24  stm32f10x_usart.o(.text)
    USART_HalfDuplexCmd                      0x08009c1d   Thumb Code    24  stm32f10x_usart.o(.text)
    USART_OverSampling8Cmd                   0x08009c35   Thumb Code    22  stm32f10x_usart.o(.text)
    USART_OneBitMethodCmd                    0x08009c4b   Thumb Code    24  stm32f10x_usart.o(.text)
    USART_IrDAConfig                         0x08009c63   Thumb Code    18  stm32f10x_usart.o(.text)
    USART_IrDACmd                            0x08009c75   Thumb Code    24  stm32f10x_usart.o(.text)
    USART_GetFlagStatus                      0x08009c8d   Thumb Code    26  stm32f10x_usart.o(.text)
    USART_ClearFlag                          0x08009ca7   Thumb Code    18  stm32f10x_usart.o(.text)
    USART_GetITStatus                        0x08009cb9   Thumb Code    84  stm32f10x_usart.o(.text)
    USART_ClearITPendingBit                  0x08009d0d   Thumb Code    52  stm32f10x_usart.o(.text)
    __use_no_semihosting                     0x08009d41   Thumb Code     2  use_no_semi_2.o(.text)
    __c89printf                              0x08009d45   Thumb Code    20  c89printf.o(.text)
    __2printf                                0x08009d5d   Thumb Code    20  __2printf.o(.text)
    __2sprintf                               0x08009d75   Thumb Code    38  __2sprintf.o(.text)
    _printf_pre_padding                      0x08009da1   Thumb Code    44  _printf_pad.o(.text)
    _printf_post_padding                     0x08009dcd   Thumb Code    34  _printf_pad.o(.text)
    _printf_longlong_hex                     0x08009df1   Thumb Code    86  _printf_hex_int_ll_ptr.o(.text)
    _printf_int_hex                          0x08009e47   Thumb Code    28  _printf_hex_int_ll_ptr.o(.text)
    _printf_ll_hex                           0x08009e63   Thumb Code    12  _printf_hex_int_ll_ptr.o(.text)
    _printf_hex_ptr                          0x08009e6f   Thumb Code    18  _printf_hex_int_ll_ptr.o(.text)
    __printf                                 0x08009e85   Thumb Code   388  __printf_flags_ss_wp.o(.text)
    __use_two_region_memory                  0x0800a00d   Thumb Code     2  heapauxi.o(.text)
    __rt_heap_escrow$2region                 0x0800a00f   Thumb Code     2  heapauxi.o(.text)
    __rt_heap_expand$2region                 0x0800a011   Thumb Code     2  heapauxi.o(.text)
    __I$use$semihosting                      0x0800a013   Thumb Code     0  use_no_semi.o(.text)
    __use_no_semihosting_swi                 0x0800a013   Thumb Code     2  use_no_semi.o(.text)
    __read_errno                             0x0800a015   Thumb Code    10  _rserrno.o(.text)
    __set_errno                              0x0800a01f   Thumb Code    12  _rserrno.o(.text)
    _printf_truncate_signed                  0x0800a02b   Thumb Code    18  _printf_truncate.o(.text)
    _printf_truncate_unsigned                0x0800a03d   Thumb Code    18  _printf_truncate.o(.text)
    _printf_str                              0x0800a04f   Thumb Code    82  _printf_str.o(.text)
    _printf_int_common                       0x0800a0a1   Thumb Code   178  _printf_intcommon.o(.text)
    _printf_int_dec                          0x0800a155   Thumb Code   104  _printf_dec.o(.text)
    _printf_charcount                        0x0800a1cd   Thumb Code    40  _printf_charcount.o(.text)
    _printf_char_common                      0x0800a1ff   Thumb Code    32  _printf_char_common.o(.text)
    _sputc                                   0x0800a225   Thumb Code    10  _sputc.o(.text)
    _printf_char_file                        0x0800a231   Thumb Code    32  _printf_char_file.o(.text)
    _printf_wctomb                           0x0800a255   Thumb Code   182  _printf_wctomb.o(.text)
    _printf_longlong_dec                     0x0800a311   Thumb Code   108  _printf_longlong_dec.o(.text)
    _printf_longlong_oct                     0x0800a38d   Thumb Code    68  _printf_oct_int_ll.o(.text)
    _printf_int_oct                          0x0800a3d1   Thumb Code    24  _printf_oct_int_ll.o(.text)
    _printf_ll_oct                           0x0800a3e9   Thumb Code    12  _printf_oct_int_ll.o(.text)
    __aeabi_errno_addr                       0x0800a3fd   Thumb Code     8  rt_errno_addr_intlibspace.o(.text)
    __errno$intlibspace                      0x0800a3fd   Thumb Code     0  rt_errno_addr_intlibspace.o(.text)
    __rt_errno_addr$intlibspace              0x0800a3fd   Thumb Code     0  rt_errno_addr_intlibspace.o(.text)
    _ll_udiv10                               0x0800a405   Thumb Code   138  lludiv10.o(.text)
    __lib_sel_fp_printf                      0x0800a48f   Thumb Code     2  _printf_fp_dec.o(.text)
    _printf_fp_dec_real                      0x0800a63d   Thumb Code   620  _printf_fp_dec.o(.text)
    _printf_cs_common                        0x0800a8a9   Thumb Code    20  _printf_char.o(.text)
    _printf_char                             0x0800a8bd   Thumb Code    16  _printf_char.o(.text)
    _printf_string                           0x0800a8cd   Thumb Code     8  _printf_char.o(.text)
    _printf_lcs_common                       0x0800a8d5   Thumb Code    20  _printf_wchar.o(.text)
    _printf_wchar                            0x0800a8e9   Thumb Code    16  _printf_wchar.o(.text)
    _printf_wstring                          0x0800a8f9   Thumb Code     8  _printf_wchar.o(.text)
    ferror                                   0x0800a901   Thumb Code     8  ferror.o(.text)
    _wcrtomb                                 0x0800a909   Thumb Code    64  _wcrtomb.o(.text)
    __user_libspace                          0x0800a949   Thumb Code     8  libspace.o(.text)
    __user_perproc_libspace                  0x0800a949   Thumb Code     0  libspace.o(.text)
    __user_perthread_libspace                0x0800a949   Thumb Code     0  libspace.o(.text)
    __user_setup_stackheap                   0x0800a951   Thumb Code    74  sys_stackheap_outer.o(.text)
    __rt_ctype_table                         0x0800a99d   Thumb Code    16  rt_ctype_table.o(.text)
    __rt_locale                              0x0800a9ad   Thumb Code     8  rt_locale_intlibspace.o(.text)
    _printf_fp_infnan                        0x0800a9b5   Thumb Code   112  _printf_fp_infnan.o(.text)
    _btod_etento                             0x0800aa35   Thumb Code   216  bigflt0.o(.text)
    exit                                     0x0800ab11   Thumb Code    18  exit.o(.text)
    strcmp                                   0x0800ab25   Thumb Code   128  strcmpv7m.o(.text)
    _btod_d2e                                0x0800aba5   Thumb Code    62  btod.o(CL$$btod_d2e)
    _d2e_denorm_low                          0x0800abe3   Thumb Code    70  btod.o(CL$$btod_d2e_denorm_low)
    _d2e_norm_op1                            0x0800ac29   Thumb Code    96  btod.o(CL$$btod_d2e_norm_op1)
    __btod_div_common                        0x0800ac89   Thumb Code   696  btod.o(CL$$btod_div_common)
    _e2e                                     0x0800afc1   Thumb Code   198  btod.o(CL$$btod_e2e)
    _btod_ediv                               0x0800b087   Thumb Code    40  btod.o(CL$$btod_ediv)
    _btod_emul                               0x0800b0af   Thumb Code    40  btod.o(CL$$btod_emul)
    __btod_mult_common                       0x0800b0d7   Thumb Code   580  btod.o(CL$$btod_mult_common)
    __ARM_fpclassify                         0x0800b31b   Thumb Code    40  fpclassify.o(i.__ARM_fpclassify)
    __kernel_poly                            0x0800b343   Thumb Code   170  poly.o(i.__kernel_poly)
    __mathlib_dbl_divzero                    0x0800b3ed   Thumb Code    12  dunder.o(i.__mathlib_dbl_divzero)
    __mathlib_dbl_infnan2                    0x0800b3fd   Thumb Code     4  dunder.o(i.__mathlib_dbl_infnan2)
    __mathlib_dbl_invalid                    0x0800b401   Thumb Code    12  dunder.o(i.__mathlib_dbl_invalid)
    __mathlib_dbl_overflow                   0x0800b40d   Thumb Code    14  dunder.o(i.__mathlib_dbl_overflow)
    __mathlib_dbl_underflow                  0x0800b41d   Thumb Code    10  dunder.o(i.__mathlib_dbl_underflow)
    _is_digit                                0x0800b42d   Thumb Code    14  __printf_wp.o(i._is_digit)
    pow                                      0x0800b43d   Thumb Code  2512  pow.o(i.pow)
    sqrt                                     0x0800be15   Thumb Code    76  sqrt.o(i.sqrt)
    _get_lc_numeric                          0x0800be61   Thumb Code    44  lc_numeric_c.o(locale$$code)
    _get_lc_ctype                            0x0800be8d   Thumb Code    44  lc_ctype_c.o(locale$$code)
    __aeabi_d2f                              0x0800beb9   Thumb Code     0  d2f.o(x$fpl$d2f)
    _d2f                                     0x0800beb9   Thumb Code    98  d2f.o(x$fpl$d2f)
    __aeabi_dadd                             0x0800bf1d   Thumb Code     0  daddsub_clz.o(x$fpl$dadd)
    _dadd                                    0x0800bf1d   Thumb Code   332  daddsub_clz.o(x$fpl$dadd)
    __fpl_dcheck_NaN1                        0x0800c06d   Thumb Code    10  dcheck1.o(x$fpl$dcheck1)
    __fpl_dcmp_Inf                           0x0800c07d   Thumb Code    24  dcmpi.o(x$fpl$dcmpinf)
    __aeabi_ddiv                             0x0800c095   Thumb Code     0  ddiv.o(x$fpl$ddiv)
    _ddiv                                    0x0800c095   Thumb Code   552  ddiv.o(x$fpl$ddiv)
    __aeabi_d2uiz                            0x0800c345   Thumb Code     0  dfixu.o(x$fpl$dfixu)
    _dfixu                                   0x0800c345   Thumb Code    90  dfixu.o(x$fpl$dfixu)
    __aeabi_i2d                              0x0800c39f   Thumb Code     0  dflt_clz.o(x$fpl$dflt)
    _dflt                                    0x0800c39f   Thumb Code    46  dflt_clz.o(x$fpl$dflt)
    __aeabi_ui2d                             0x0800c3cd   Thumb Code     0  dflt_clz.o(x$fpl$dfltu)
    _dfltu                                   0x0800c3cd   Thumb Code    38  dflt_clz.o(x$fpl$dfltu)
    __aeabi_cdcmple                          0x0800c3f5   Thumb Code     0  dleqf.o(x$fpl$dleqf)
    _dcmple                                  0x0800c3f5   Thumb Code   120  dleqf.o(x$fpl$dleqf)
    __fpl_dcmple_InfNaN                      0x0800c457   Thumb Code     0  dleqf.o(x$fpl$dleqf)
    __aeabi_dmul                             0x0800c46d   Thumb Code     0  dmul.o(x$fpl$dmul)
    _dmul                                    0x0800c46d   Thumb Code   332  dmul.o(x$fpl$dmul)
    __fpl_dnaninf                            0x0800c5c1   Thumb Code   156  dnaninf.o(x$fpl$dnaninf)
    __fpl_dretinf                            0x0800c65d   Thumb Code    12  dretinf.o(x$fpl$dretinf)
    __aeabi_cdrcmple                         0x0800c669   Thumb Code     0  drleqf.o(x$fpl$drleqf)
    _drcmple                                 0x0800c669   Thumb Code   108  drleqf.o(x$fpl$drleqf)
    __aeabi_drsub                            0x0800c6d5   Thumb Code     0  daddsub_clz.o(x$fpl$drsb)
    _drsb                                    0x0800c6d5   Thumb Code    22  daddsub_clz.o(x$fpl$drsb)
    _dsqrt                                   0x0800c6ed   Thumb Code   456  dsqrt_noumaal.o(x$fpl$dsqrt)
    __aeabi_dsub                             0x0800c8b9   Thumb Code     0  daddsub_clz.o(x$fpl$dsub)
    _dsub                                    0x0800c8b9   Thumb Code   464  daddsub_clz.o(x$fpl$dsub)
    __aeabi_f2d                              0x0800ca8d   Thumb Code     0  f2d.o(x$fpl$f2d)
    _f2d                                     0x0800ca8d   Thumb Code    86  f2d.o(x$fpl$f2d)
    __aeabi_fadd                             0x0800cae5   Thumb Code     0  faddsub_clz.o(x$fpl$fadd)
    _fadd                                    0x0800cae5   Thumb Code   196  faddsub_clz.o(x$fpl$fadd)
    __aeabi_fdiv                             0x0800cba9   Thumb Code     0  fdiv.o(x$fpl$fdiv)
    _fdiv                                    0x0800cba9   Thumb Code   384  fdiv.o(x$fpl$fdiv)
    __aeabi_f2iz                             0x0800cd2d   Thumb Code     0  ffix.o(x$fpl$ffix)
    _ffix                                    0x0800cd2d   Thumb Code    54  ffix.o(x$fpl$ffix)
    __aeabi_f2uiz                            0x0800cd65   Thumb Code     0  ffixu.o(x$fpl$ffixu)
    _ffixu                                   0x0800cd65   Thumb Code    62  ffixu.o(x$fpl$ffixu)
    __aeabi_i2f                              0x0800cda5   Thumb Code     0  fflt_clz.o(x$fpl$fflt)
    _fflt                                    0x0800cda5   Thumb Code    48  fflt_clz.o(x$fpl$fflt)
    __aeabi_ui2f                             0x0800cdd5   Thumb Code     0  fflt_clz.o(x$fpl$ffltu)
    _ffltu                                   0x0800cdd5   Thumb Code    38  fflt_clz.o(x$fpl$ffltu)
    __aeabi_fmul                             0x0800cdfd   Thumb Code     0  fmul.o(x$fpl$fmul)
    _fmul                                    0x0800cdfd   Thumb Code   258  fmul.o(x$fpl$fmul)
    __fpl_fnaninf                            0x0800ceff   Thumb Code   140  fnaninf.o(x$fpl$fnaninf)
    __fpl_fretinf                            0x0800cf8b   Thumb Code    10  fretinf.o(x$fpl$fretinf)
    __aeabi_fsub                             0x0800cf95   Thumb Code     0  faddsub_clz.o(x$fpl$fsub)
    _fsub                                    0x0800cf95   Thumb Code   234  faddsub_clz.o(x$fpl$fsub)
    _printf_fp_dec                           0x0800d07f   Thumb Code     4  printf1.o(x$fpl$printf1)
    __fpl_return_NaN                         0x0800d083   Thumb Code   100  retnan.o(x$fpl$retnan)
    __ARM_scalbn                             0x0800d0e7   Thumb Code    92  scalbn.o(x$fpl$scalbn)
    __fpl_cmpreturn                          0x0800d143   Thumb Code    48  trapv.o(x$fpl$trapveneer)
    __I$use$fp                               0x0800d172   Number         0  usenofp.o(x$fpl$usenofp)
    asc2_1206                                0x0800d172   Data        1140  lcd.o(.constdata)
    asc2_1608                                0x0800d5e6   Data        1520  lcd.o(.constdata)
    asc2_2412                                0x0800dbd6   Data        3420  lcd.o(.constdata)
    TP_REMIND_MSG_TBL                        0x0800e934   Data           4  touch.o(.constdata)
    __mathlib_zero                           0x0800ea08   Data           8  qnan.o(.constdata)
    Region$$Table$$Base                      0x0800eb20   Number         0  anon$$obj.o(Region$$Table)
    Region$$Table$$Limit                     0x0800eb40   Number         0  anon$$obj.o(Region$$Table)
    __ctype                                  0x0800eb69   Data           0  lc_ctype_c.o(locale$$data)
    __stdout                                 0x20000000   Data           4  usart.o(.data)
    USART_RX_STA                             0x20000004   Data           2  usart.o(.data)
    icon                                     0x2000000a   Data           1  main.o(.data)
    Setrpm_buff                              0x2000000c   Data           2  main.o(.data)
    PID_Parameters                           0x2000000e   Data          16  main.o(.data)
    PWMValue                                 0x2000001e   Data           2  main.o(.data)
    touched                                  0x20000020   Data           1  main.o(.data)
    n20ms                                    0x20000021   Data           1  main.o(.data)
    x0                                       0x20000022   Data           1  main.o(.data)
    y0                                       0x20000023   Data           1  main.o(.data)
    y1                                       0x20000024   Data           1  main.o(.data)
    step                                     0x20000025   Data           1  main.o(.data)
    parameter                                0x20000026   Data           1  main.o(.data)
    u16Kp                                    0x20000028   Data           2  main.o(.data)
    u16Ki                                    0x2000002a   Data           2  main.o(.data)
    u16Kd                                    0x2000002c   Data           2  main.o(.data)
    SystemCoreClock                          0x20000030   Data           4  system_stm32f10x.o(.data)
    AHBPrescTable                            0x20000034   Data          16  system_stm32f10x.o(.data)
    rpm                                      0x20000048   Data           2  timer.o(.data)
    i                                        0x2000004a   Data           2  timer.o(.data)
    j                                        0x2000004c   Data           2  timer.o(.data)
    flag_10ms                                0x2000004e   Data           1  timer.o(.data)
    flag_20ms                                0x2000004f   Data           1  timer.o(.data)
    Sentbuff                                 0x20000050   Data           6  timer.o(.data)
    rpmbuf                                   0x20000058   Data           8  timer.o(.data)
    Tick_A                                   0x20000060   Data           2  exti.o(.data)
    Kp_buff                                  0x20000064   Data           4  pid.o(.data)
    Ki_buff                                  0x20000068   Data           4  pid.o(.data)
    Kd_buff                                  0x2000006c   Data           4  pid.o(.data)
    Setrpm                                   0x20000070   Data           2  pid.o(.data)
    POINT_COLOR                              0x20000072   Data           2  lcd.o(.data)
    BACK_COLOR                               0x20000074   Data           2  lcd.o(.data)
    tp_dev                                   0x20000078   Data          52  touch.o(.data)
    CMD_RDX                                  0x200000ac   Data           1  touch.o(.data)
    CMD_RDY                                  0x200000ad   Data           1  touch.o(.data)
    USART_RX_BUF                             0x200000c4   Data         200  usart.o(.bss)
    pid                                      0x2000018c   Data          28  pid.o(.bss)
    lcddev                                   0x200001a8   Data          14  lcd.o(.bss)
    STMFLASH_BUF                             0x200001b6   Data        2048  stmflash.o(.bss)
    __libspace_start                         0x200009b8   Data          96  libspace.o(.bss)
    __temporary_stack_top$libspace           0x20000a18   Data           0  libspace.o(.bss)



==============================================================================

Memory Map of the image

  Image Entry point : 0x08000131

  Load Region LR_IROM1 (Base: 0x08000000, Size: 0x0000ed30, Max: 0x00080000, ABSOLUTE)

    Execution Region ER_IROM1 (Exec base: 0x08000000, Load base: 0x08000000, Size: 0x0000ec6c, Max: 0x00080000, ABSOLUTE)

    Exec Addr    Load Addr    Size         Type   Attr      Idx    E Section Name        Object

    0x08000000   0x08000000   0x00000130   Data   RO           19    RESET               startup_stm32f10x_hd.o
    0x08000130   0x08000130   0x00000008   Code   RO          865  * !!!main             c_w.l(__main.o)
    0x08000138   0x08000138   0x00000034   Code   RO         1252    !!!scatter          c_w.l(__scatter.o)
    0x0800016c   0x0800016c   0x0000001a   Code   RO         1254    !!handler_copy      c_w.l(__scatter_copy.o)
    0x08000186   0x08000186   0x00000002   PAD
    0x08000188   0x08000188   0x0000001c   Code   RO         1256    !!handler_zi        c_w.l(__scatter_zi.o)
    0x080001a4   0x080001a4   0x00000000   Code   RO          862    .ARM.Collect$$_printf_percent$$00000000  c_w.l(_printf_percent.o)
    0x080001a4   0x080001a4   0x00000006   Code   RO          975    .ARM.Collect$$_printf_percent$$00000001  c_w.l(_printf_n.o)
    0x080001aa   0x080001aa   0x00000006   Code   RO          976    .ARM.Collect$$_printf_percent$$00000002  c_w.l(_printf_p.o)
    0x080001b0   0x080001b0   0x00000006   Code   RO          981    .ARM.Collect$$_printf_percent$$00000003  c_w.l(_printf_f.o)
    0x080001b6   0x080001b6   0x00000006   Code   RO          982    .ARM.Collect$$_printf_percent$$00000004  c_w.l(_printf_e.o)
    0x080001bc   0x080001bc   0x00000006   Code   RO          983    .ARM.Collect$$_printf_percent$$00000005  c_w.l(_printf_g.o)
    0x080001c2   0x080001c2   0x00000006   Code   RO          984    .ARM.Collect$$_printf_percent$$00000006  c_w.l(_printf_a.o)
    0x080001c8   0x080001c8   0x0000000a   Code   RO          989    .ARM.Collect$$_printf_percent$$00000007  c_w.l(_printf_ll.o)
    0x080001d2   0x080001d2   0x00000006   Code   RO          978    .ARM.Collect$$_printf_percent$$00000008  c_w.l(_printf_i.o)
    0x080001d8   0x080001d8   0x00000006   Code   RO          979    .ARM.Collect$$_printf_percent$$00000009  c_w.l(_printf_d.o)
    0x080001de   0x080001de   0x00000006   Code   RO          980    .ARM.Collect$$_printf_percent$$0000000A  c_w.l(_printf_u.o)
    0x080001e4   0x080001e4   0x00000006   Code   RO          977    .ARM.Collect$$_printf_percent$$0000000B  c_w.l(_printf_o.o)
    0x080001ea   0x080001ea   0x00000006   Code   RO          861    .ARM.Collect$$_printf_percent$$0000000C  c_w.l(_printf_x.o)
    0x080001f0   0x080001f0   0x00000006   Code   RO          986    .ARM.Collect$$_printf_percent$$0000000D  c_w.l(_printf_lli.o)
    0x080001f6   0x080001f6   0x00000006   Code   RO          987    .ARM.Collect$$_printf_percent$$0000000E  c_w.l(_printf_lld.o)
    0x080001fc   0x080001fc   0x00000006   Code   RO          988    .ARM.Collect$$_printf_percent$$0000000F  c_w.l(_printf_llu.o)
    0x08000202   0x08000202   0x00000006   Code   RO          993    .ARM.Collect$$_printf_percent$$00000010  c_w.l(_printf_llo.o)
    0x08000208   0x08000208   0x00000006   Code   RO          994    .ARM.Collect$$_printf_percent$$00000011  c_w.l(_printf_llx.o)
    0x0800020e   0x0800020e   0x0000000a   Code   RO          990    .ARM.Collect$$_printf_percent$$00000012  c_w.l(_printf_l.o)
    0x08000218   0x08000218   0x00000006   Code   RO          973    .ARM.Collect$$_printf_percent$$00000013  c_w.l(_printf_c.o)
    0x0800021e   0x0800021e   0x00000006   Code   RO          974    .ARM.Collect$$_printf_percent$$00000014  c_w.l(_printf_s.o)
    0x08000224   0x08000224   0x00000006   Code   RO          991    .ARM.Collect$$_printf_percent$$00000015  c_w.l(_printf_lc.o)
    0x0800022a   0x0800022a   0x00000006   Code   RO          992    .ARM.Collect$$_printf_percent$$00000016  c_w.l(_printf_ls.o)
    0x08000230   0x08000230   0x00000004   Code   RO          985    .ARM.Collect$$_printf_percent$$00000017  c_w.l(_printf_percent_end.o)
    0x08000234   0x08000234   0x00000002   Code   RO         1118    .ARM.Collect$$libinit$$00000000  c_w.l(libinit.o)
    0x08000236   0x08000236   0x00000000   Code   RO         1131    .ARM.Collect$$libinit$$00000002  c_w.l(libinit2.o)
    0x08000236   0x08000236   0x00000000   Code   RO         1133    .ARM.Collect$$libinit$$00000004  c_w.l(libinit2.o)
    0x08000236   0x08000236   0x00000000   Code   RO         1136    .ARM.Collect$$libinit$$0000000A  c_w.l(libinit2.o)
    0x08000236   0x08000236   0x00000000   Code   RO         1138    .ARM.Collect$$libinit$$0000000C  c_w.l(libinit2.o)
    0x08000236   0x08000236   0x00000000   Code   RO         1140    .ARM.Collect$$libinit$$0000000E  c_w.l(libinit2.o)
    0x08000236   0x08000236   0x00000006   Code   RO         1141    .ARM.Collect$$libinit$$0000000F  c_w.l(libinit2.o)
    0x0800023c   0x0800023c   0x00000000   Code   RO         1143    .ARM.Collect$$libinit$$00000011  c_w.l(libinit2.o)
    0x0800023c   0x0800023c   0x0000000c   Code   RO         1144    .ARM.Collect$$libinit$$00000012  c_w.l(libinit2.o)
    0x08000248   0x08000248   0x00000000   Code   RO         1145    .ARM.Collect$$libinit$$00000013  c_w.l(libinit2.o)
    0x08000248   0x08000248   0x00000000   Code   RO         1147    .ARM.Collect$$libinit$$00000015  c_w.l(libinit2.o)
    0x08000248   0x08000248   0x0000000a   Code   RO         1148    .ARM.Collect$$libinit$$00000016  c_w.l(libinit2.o)
    0x08000252   0x08000252   0x00000000   Code   RO         1149    .ARM.Collect$$libinit$$00000017  c_w.l(libinit2.o)
    0x08000252   0x08000252   0x00000000   Code   RO         1151    .ARM.Collect$$libinit$$00000019  c_w.l(libinit2.o)
    0x08000252   0x08000252   0x00000000   Code   RO         1153    .ARM.Collect$$libinit$$0000001B  c_w.l(libinit2.o)
    0x08000252   0x08000252   0x00000000   Code   RO         1155    .ARM.Collect$$libinit$$0000001D  c_w.l(libinit2.o)
    0x08000252   0x08000252   0x00000000   Code   RO         1157    .ARM.Collect$$libinit$$0000001F  c_w.l(libinit2.o)
    0x08000252   0x08000252   0x00000000   Code   RO         1159    .ARM.Collect$$libinit$$00000021  c_w.l(libinit2.o)
    0x08000252   0x08000252   0x00000000   Code   RO         1161    .ARM.Collect$$libinit$$00000023  c_w.l(libinit2.o)
    0x08000252   0x08000252   0x00000000   Code   RO         1163    .ARM.Collect$$libinit$$00000025  c_w.l(libinit2.o)
    0x08000252   0x08000252   0x00000000   Code   RO         1167    .ARM.Collect$$libinit$$0000002C  c_w.l(libinit2.o)
    0x08000252   0x08000252   0x00000000   Code   RO         1169    .ARM.Collect$$libinit$$0000002E  c_w.l(libinit2.o)
    0x08000252   0x08000252   0x00000000   Code   RO         1171    .ARM.Collect$$libinit$$00000030  c_w.l(libinit2.o)
    0x08000252   0x08000252   0x00000000   Code   RO         1173    .ARM.Collect$$libinit$$00000032  c_w.l(libinit2.o)
    0x08000252   0x08000252   0x00000002   Code   RO         1174    .ARM.Collect$$libinit$$00000033  c_w.l(libinit2.o)
    0x08000254   0x08000254   0x00000002   Code   RO         1194    .ARM.Collect$$libshutdown$$00000000  c_w.l(libshutdown.o)
    0x08000256   0x08000256   0x00000000   Code   RO         1204    .ARM.Collect$$libshutdown$$00000002  c_w.l(libshutdown2.o)
    0x08000256   0x08000256   0x00000000   Code   RO         1206    .ARM.Collect$$libshutdown$$00000004  c_w.l(libshutdown2.o)
    0x08000256   0x08000256   0x00000000   Code   RO         1209    .ARM.Collect$$libshutdown$$00000007  c_w.l(libshutdown2.o)
    0x08000256   0x08000256   0x00000000   Code   RO         1212    .ARM.Collect$$libshutdown$$0000000A  c_w.l(libshutdown2.o)
    0x08000256   0x08000256   0x00000000   Code   RO         1214    .ARM.Collect$$libshutdown$$0000000C  c_w.l(libshutdown2.o)
    0x08000256   0x08000256   0x00000000   Code   RO         1217    .ARM.Collect$$libshutdown$$0000000F  c_w.l(libshutdown2.o)
    0x08000256   0x08000256   0x00000002   Code   RO         1218    .ARM.Collect$$libshutdown$$00000010  c_w.l(libshutdown2.o)
    0x08000258   0x08000258   0x00000000   Code   RO          943    .ARM.Collect$$rtentry$$00000000  c_w.l(__rtentry.o)
    0x08000258   0x08000258   0x00000000   Code   RO         1032    .ARM.Collect$$rtentry$$00000002  c_w.l(__rtentry2.o)
    0x08000258   0x08000258   0x00000006   Code   RO         1044    .ARM.Collect$$rtentry$$00000004  c_w.l(__rtentry4.o)
    0x0800025e   0x0800025e   0x00000000   Code   RO         1034    .ARM.Collect$$rtentry$$00000009  c_w.l(__rtentry2.o)
    0x0800025e   0x0800025e   0x00000004   Code   RO         1035    .ARM.Collect$$rtentry$$0000000A  c_w.l(__rtentry2.o)
    0x08000262   0x08000262   0x00000000   Code   RO         1037    .ARM.Collect$$rtentry$$0000000C  c_w.l(__rtentry2.o)
    0x08000262   0x08000262   0x00000008   Code   RO         1038    .ARM.Collect$$rtentry$$0000000D  c_w.l(__rtentry2.o)
    0x0800026a   0x0800026a   0x00000002   Code   RO         1123    .ARM.Collect$$rtexit$$00000000  c_w.l(rtexit.o)
    0x0800026c   0x0800026c   0x00000000   Code   RO         1178    .ARM.Collect$$rtexit$$00000002  c_w.l(rtexit2.o)
    0x0800026c   0x0800026c   0x00000004   Code   RO         1179    .ARM.Collect$$rtexit$$00000003  c_w.l(rtexit2.o)
    0x08000270   0x08000270   0x00000006   Code   RO         1180    .ARM.Collect$$rtexit$$00000004  c_w.l(rtexit2.o)
    0x08000276   0x08000276   0x00000002   PAD
    0x08000278   0x08000278   0x00000040   Code   RO           20    .text               startup_stm32f10x_hd.o
    0x080002b8   0x080002b8   0x00000140   Code   RO           24    .text               usart.o
    0x080003f8   0x080003f8   0x000000d4   Code   RO          152    .text               delay.o
    0x080004cc   0x080004cc   0x00000bc0   Code   RO          169    .text               main.o
    0x0800108c   0x0800108c   0x0000001a   Code   RO          242    .text               stm32f10x_it.o
    0x080010a6   0x080010a6   0x00000002   PAD
    0x080010a8   0x080010a8   0x000001e0   Code   RO          283    .text               system_stm32f10x.o
    0x08001288   0x08001288   0x0000004c   Code   RO          301    .text               led.o
    0x080012d4   0x080012d4   0x00000244   Code   RO          316    .text               timer.o
    0x08001518   0x08001518   0x00000064   Code   RO          338    .text               exti.o
    0x0800157c   0x0800157c   0x000000d8   Code   RO          359    .text               key.o
    0x08001654   0x08001654   0x0000016c   Code   RO          372    .text               pid.o
    0x080017c0   0x080017c0   0x00004a56   Code   RO          391    .text               lcd.o
    0x08006216   0x08006216   0x0000017a   Code   RO          421    .text               24cxx.o
    0x08006390   0x08006390   0x0000026c   Code   RO          439    .text               myiic.o
    0x080065fc   0x080065fc   0x00000f1c   Code   RO          466    .text               touch.o
    0x08007518   0x08007518   0x00000144   Code   RO          509    .text               stmflash.o
    0x0800765c   0x0800765c   0x000000dc   Code   RO          524    .text               misc.o
    0x08007738   0x08007738   0x0000011c   Code   RO          632    .text               stm32f10x_exti.o
    0x08007854   0x08007854   0x000005bc   Code   RO          644    .text               stm32f10x_flash.o
    0x08007e10   0x08007e10   0x0000060c   Code   RO          656    .text               stm32f10x_fsmc.o
    0x0800841c   0x0800841c   0x0000035c   Code   RO          668    .text               stm32f10x_gpio.o
    0x08008778   0x08008778   0x000003a4   Code   RO          716    .text               stm32f10x_rcc.o
    0x08008b1c   0x08008b1c   0x00000e1a   Code   RO          766    .text               stm32f10x_tim.o
    0x08009936   0x08009936   0x00000002   PAD
    0x08009938   0x08009938   0x00000408   Code   RO          778    .text               stm32f10x_usart.o
    0x08009d40   0x08009d40   0x00000002   Code   RO          804    .text               c_w.l(use_no_semi_2.o)
    0x08009d42   0x08009d42   0x00000002   PAD
    0x08009d44   0x08009d44   0x00000018   Code   RO          806    .text               c_w.l(c89printf.o)
    0x08009d5c   0x08009d5c   0x00000018   Code   RO          808    .text               c_w.l(__2printf.o)
    0x08009d74   0x08009d74   0x0000002c   Code   RO          810    .text               c_w.l(__2sprintf.o)
    0x08009da0   0x08009da0   0x0000004e   Code   RO          818    .text               c_w.l(_printf_pad.o)
    0x08009dee   0x08009dee   0x00000002   PAD
    0x08009df0   0x08009df0   0x00000094   Code   RO          838    .text               c_w.l(_printf_hex_int_ll_ptr.o)
    0x08009e84   0x08009e84   0x00000188   Code   RO          858    .text               c_w.l(__printf_flags_ss_wp.o)
    0x0800a00c   0x0800a00c   0x00000006   Code   RO          863    .text               c_w.l(heapauxi.o)
    0x0800a012   0x0800a012   0x00000002   Code   RO          941    .text               c_w.l(use_no_semi.o)
    0x0800a014   0x0800a014   0x00000016   Code   RO          944    .text               c_w.l(_rserrno.o)
    0x0800a02a   0x0800a02a   0x00000024   Code   RO          946    .text               c_w.l(_printf_truncate.o)
    0x0800a04e   0x0800a04e   0x00000052   Code   RO          948    .text               c_w.l(_printf_str.o)
    0x0800a0a0   0x0800a0a0   0x000000b2   Code   RO          950    .text               c_w.l(_printf_intcommon.o)
    0x0800a152   0x0800a152   0x00000002   PAD
    0x0800a154   0x0800a154   0x00000078   Code   RO          952    .text               c_w.l(_printf_dec.o)
    0x0800a1cc   0x0800a1cc   0x00000028   Code   RO          954    .text               c_w.l(_printf_charcount.o)
    0x0800a1f4   0x0800a1f4   0x00000030   Code   RO          956    .text               c_w.l(_printf_char_common.o)
    0x0800a224   0x0800a224   0x0000000a   Code   RO          958    .text               c_w.l(_sputc.o)
    0x0800a22e   0x0800a22e   0x00000002   PAD
    0x0800a230   0x0800a230   0x00000024   Code   RO          960    .text               c_w.l(_printf_char_file.o)
    0x0800a254   0x0800a254   0x000000bc   Code   RO          962    .text               c_w.l(_printf_wctomb.o)
    0x0800a310   0x0800a310   0x0000007c   Code   RO          965    .text               c_w.l(_printf_longlong_dec.o)
    0x0800a38c   0x0800a38c   0x00000070   Code   RO          971    .text               c_w.l(_printf_oct_int_ll.o)
    0x0800a3fc   0x0800a3fc   0x00000008   Code   RO         1049    .text               c_w.l(rt_errno_addr_intlibspace.o)
    0x0800a404   0x0800a404   0x0000008a   Code   RO         1051    .text               c_w.l(lludiv10.o)
    0x0800a48e   0x0800a48e   0x0000041a   Code   RO         1053    .text               c_w.l(_printf_fp_dec.o)
    0x0800a8a8   0x0800a8a8   0x0000002c   Code   RO         1057    .text               c_w.l(_printf_char.o)
    0x0800a8d4   0x0800a8d4   0x0000002c   Code   RO         1059    .text               c_w.l(_printf_wchar.o)
    0x0800a900   0x0800a900   0x00000008   Code   RO         1061    .text               c_w.l(ferror.o)
    0x0800a908   0x0800a908   0x00000040   Code   RO         1065    .text               c_w.l(_wcrtomb.o)
    0x0800a948   0x0800a948   0x00000008   Code   RO         1069    .text               c_w.l(libspace.o)
    0x0800a950   0x0800a950   0x0000004a   Code   RO         1072    .text               c_w.l(sys_stackheap_outer.o)
    0x0800a99a   0x0800a99a   0x00000002   PAD
    0x0800a99c   0x0800a99c   0x00000010   Code   RO         1074    .text               c_w.l(rt_ctype_table.o)
    0x0800a9ac   0x0800a9ac   0x00000008   Code   RO         1079    .text               c_w.l(rt_locale_intlibspace.o)
    0x0800a9b4   0x0800a9b4   0x00000080   Code   RO         1081    .text               c_w.l(_printf_fp_infnan.o)
    0x0800aa34   0x0800aa34   0x000000dc   Code   RO         1083    .text               c_w.l(bigflt0.o)
    0x0800ab10   0x0800ab10   0x00000012   Code   RO         1111    .text               c_w.l(exit.o)
    0x0800ab22   0x0800ab22   0x00000002   PAD
    0x0800ab24   0x0800ab24   0x00000080   Code   RO         1128    .text               c_w.l(strcmpv7m.o)
    0x0800aba4   0x0800aba4   0x0000003e   Code   RO         1086    CL$$btod_d2e        c_w.l(btod.o)
    0x0800abe2   0x0800abe2   0x00000046   Code   RO         1088    CL$$btod_d2e_denorm_low  c_w.l(btod.o)
    0x0800ac28   0x0800ac28   0x00000060   Code   RO         1087    CL$$btod_d2e_norm_op1  c_w.l(btod.o)
    0x0800ac88   0x0800ac88   0x00000338   Code   RO         1096    CL$$btod_div_common  c_w.l(btod.o)
    0x0800afc0   0x0800afc0   0x000000c6   Code   RO         1093    CL$$btod_e2e        c_w.l(btod.o)
    0x0800b086   0x0800b086   0x00000028   Code   RO         1090    CL$$btod_ediv       c_w.l(btod.o)
    0x0800b0ae   0x0800b0ae   0x00000028   Code   RO         1089    CL$$btod_emul       c_w.l(btod.o)
    0x0800b0d6   0x0800b0d6   0x00000244   Code   RO         1095    CL$$btod_mult_common  c_w.l(btod.o)
    0x0800b31a   0x0800b31a   0x00000028   Code   RO         1026    i.__ARM_fpclassify  m_ws.l(fpclassify.o)
    0x0800b342   0x0800b342   0x000000aa   Code   RO         1028    i.__kernel_poly     m_ws.l(poly.o)
    0x0800b3ec   0x0800b3ec   0x00000010   Code   RO         1012    i.__mathlib_dbl_divzero  m_ws.l(dunder.o)
    0x0800b3fc   0x0800b3fc   0x00000004   Code   RO         1014    i.__mathlib_dbl_infnan2  m_ws.l(dunder.o)
    0x0800b400   0x0800b400   0x0000000c   Code   RO         1015    i.__mathlib_dbl_invalid  m_ws.l(dunder.o)
    0x0800b40c   0x0800b40c   0x0000000e   Code   RO         1016    i.__mathlib_dbl_overflow  m_ws.l(dunder.o)
    0x0800b41a   0x0800b41a   0x00000002   PAD
    0x0800b41c   0x0800b41c   0x00000010   Code   RO         1018    i.__mathlib_dbl_underflow  m_ws.l(dunder.o)
    0x0800b42c   0x0800b42c   0x0000000e   Code   RO          851    i._is_digit         c_w.l(__printf_wp.o)
    0x0800b43a   0x0800b43a   0x00000002   PAD
    0x0800b43c   0x0800b43c   0x000009d8   Code   RO          924    i.pow               m_ws.l(pow.o)
    0x0800be14   0x0800be14   0x0000004c   Code   RO          934    i.sqrt              m_ws.l(sqrt.o)
    0x0800be60   0x0800be60   0x0000002c   Code   RO         1109    locale$$code        c_w.l(lc_numeric_c.o)
    0x0800be8c   0x0800be8c   0x0000002c   Code   RO         1126    locale$$code        c_w.l(lc_ctype_c.o)
    0x0800beb8   0x0800beb8   0x00000062   Code   RO          867    x$fpl$d2f           fz_ws.l(d2f.o)
    0x0800bf1a   0x0800bf1a   0x00000002   PAD
    0x0800bf1c   0x0800bf1c   0x00000150   Code   RO          869    x$fpl$dadd          fz_ws.l(daddsub_clz.o)
    0x0800c06c   0x0800c06c   0x00000010   Code   RO         1067    x$fpl$dcheck1       fz_ws.l(dcheck1.o)
    0x0800c07c   0x0800c07c   0x00000018   Code   RO          995    x$fpl$dcmpinf       fz_ws.l(dcmpi.o)
    0x0800c094   0x0800c094   0x000002b0   Code   RO          876    x$fpl$ddiv          fz_ws.l(ddiv.o)
    0x0800c344   0x0800c344   0x0000005a   Code   RO          879    x$fpl$dfixu         fz_ws.l(dfixu.o)
    0x0800c39e   0x0800c39e   0x0000002e   Code   RO          884    x$fpl$dflt          fz_ws.l(dflt_clz.o)
    0x0800c3cc   0x0800c3cc   0x00000026   Code   RO          883    x$fpl$dfltu         fz_ws.l(dflt_clz.o)
    0x0800c3f2   0x0800c3f2   0x00000002   PAD
    0x0800c3f4   0x0800c3f4   0x00000078   Code   RO          889    x$fpl$dleqf         fz_ws.l(dleqf.o)
    0x0800c46c   0x0800c46c   0x00000154   Code   RO          891    x$fpl$dmul          fz_ws.l(dmul.o)
    0x0800c5c0   0x0800c5c0   0x0000009c   Code   RO          997    x$fpl$dnaninf       fz_ws.l(dnaninf.o)
    0x0800c65c   0x0800c65c   0x0000000c   Code   RO          999    x$fpl$dretinf       fz_ws.l(dretinf.o)
    0x0800c668   0x0800c668   0x0000006c   Code   RO          893    x$fpl$drleqf        fz_ws.l(drleqf.o)
    0x0800c6d4   0x0800c6d4   0x00000016   Code   RO          870    x$fpl$drsb          fz_ws.l(daddsub_clz.o)
    0x0800c6ea   0x0800c6ea   0x00000002   PAD
    0x0800c6ec   0x0800c6ec   0x000001cc   Code   RO         1001    x$fpl$dsqrt         fz_ws.l(dsqrt_noumaal.o)
    0x0800c8b8   0x0800c8b8   0x000001d4   Code   RO          871    x$fpl$dsub          fz_ws.l(daddsub_clz.o)
    0x0800ca8c   0x0800ca8c   0x00000056   Code   RO          895    x$fpl$f2d           fz_ws.l(f2d.o)
    0x0800cae2   0x0800cae2   0x00000002   PAD
    0x0800cae4   0x0800cae4   0x000000c4   Code   RO          897    x$fpl$fadd          fz_ws.l(faddsub_clz.o)
    0x0800cba8   0x0800cba8   0x00000184   Code   RO          904    x$fpl$fdiv          fz_ws.l(fdiv.o)
    0x0800cd2c   0x0800cd2c   0x00000036   Code   RO          907    x$fpl$ffix          fz_ws.l(ffix.o)
    0x0800cd62   0x0800cd62   0x00000002   PAD
    0x0800cd64   0x0800cd64   0x0000003e   Code   RO          911    x$fpl$ffixu         fz_ws.l(ffixu.o)
    0x0800cda2   0x0800cda2   0x00000002   PAD
    0x0800cda4   0x0800cda4   0x00000030   Code   RO          916    x$fpl$fflt          fz_ws.l(fflt_clz.o)
    0x0800cdd4   0x0800cdd4   0x00000026   Code   RO          915    x$fpl$ffltu         fz_ws.l(fflt_clz.o)
    0x0800cdfa   0x0800cdfa   0x00000002   PAD
    0x0800cdfc   0x0800cdfc   0x00000102   Code   RO          921    x$fpl$fmul          fz_ws.l(fmul.o)
    0x0800cefe   0x0800cefe   0x0000008c   Code   RO         1003    x$fpl$fnaninf       fz_ws.l(fnaninf.o)
    0x0800cf8a   0x0800cf8a   0x0000000a   Code   RO         1005    x$fpl$fretinf       fz_ws.l(fretinf.o)
    0x0800cf94   0x0800cf94   0x000000ea   Code   RO          899    x$fpl$fsub          fz_ws.l(faddsub_clz.o)
    0x0800d07e   0x0800d07e   0x00000004   Code   RO         1007    x$fpl$printf1       fz_ws.l(printf1.o)
    0x0800d082   0x0800d082   0x00000064   Code   RO         1121    x$fpl$retnan        fz_ws.l(retnan.o)
    0x0800d0e6   0x0800d0e6   0x0000005c   Code   RO         1009    x$fpl$scalbn        fz_ws.l(scalbn.o)
    0x0800d142   0x0800d142   0x00000030   Code   RO         1175    x$fpl$trapveneer    fz_ws.l(trapv.o)
    0x0800d172   0x0800d172   0x00000000   Code   RO         1011    x$fpl$usenofp       fz_ws.l(usenofp.o)
    0x0800d172   0x0800d172   0x000017c0   Data   RO          393    .constdata          lcd.o
    0x0800e932   0x0800e932   0x00000002   PAD
    0x0800e934   0x0800e934   0x00000004   Data   RO          467    .constdata          touch.o
    0x0800e938   0x0800e938   0x00000028   Data   RO          839    .constdata          c_w.l(_printf_hex_int_ll_ptr.o)
    0x0800e960   0x0800e960   0x00000011   Data   RO          859    .constdata          c_w.l(__printf_flags_ss_wp.o)
    0x0800e971   0x0800e971   0x00000007   PAD
    0x0800e978   0x0800e978   0x00000088   Data   RO          925    .constdata          m_ws.l(pow.o)
    0x0800ea00   0x0800ea00   0x00000008   Data   RO          963    .constdata          c_w.l(_printf_wctomb.o)
    0x0800ea08   0x0800ea08   0x00000008   Data   RO         1030    .constdata          m_ws.l(qnan.o)
    0x0800ea10   0x0800ea10   0x00000094   Data   RO         1084    .constdata          c_w.l(bigflt0.o)
    0x0800eaa4   0x0800eaa4   0x00000079   Data   RO          468    .conststring        touch.o
    0x0800eb1d   0x0800eb1d   0x00000003   PAD
    0x0800eb20   0x0800eb20   0x00000020   Data   RO         1250    Region$$Table       anon$$obj.o
    0x0800eb40   0x0800eb40   0x0000001c   Data   RO         1108    locale$$data        c_w.l(lc_numeric_c.o)
    0x0800eb5c   0x0800eb5c   0x00000110   Data   RO         1125    locale$$data        c_w.l(lc_ctype_c.o)


    Execution Region RW_IRAM1 (Exec base: 0x20000000, Load base: 0x0800ec6c, Size: 0x00001018, Max: 0x00010000, ABSOLUTE)

    Exec Addr    Load Addr    Size         Type   Attr      Idx    E Section Name        Object

    0x20000000   0x0800ec6c   0x00000006   Data   RW           26    .data               usart.o
    0x20000006   0x0800ec72   0x00000004   Data   RW          153    .data               delay.o
    0x2000000a   0x0800ec76   0x00000024   Data   RW          170    .data               main.o
    0x2000002e   0x0800ec9a   0x00000002   PAD
    0x20000030   0x0800ec9c   0x00000014   Data   RW          284    .data               system_stm32f10x.o
    0x20000044   0x0800ecb0   0x00000004   PAD
    0x20000048   0x0800ecb4   0x00000018   Data   RW          317    .data               timer.o
    0x20000060   0x0800eccc   0x00000002   Data   RW          339    .data               exti.o
    0x20000062   0x0800ecce   0x00000001   Data   RW          360    .data               key.o
    0x20000063   0x0800eccf   0x00000001   PAD
    0x20000064   0x0800ecd0   0x0000000e   Data   RW          374    .data               pid.o
    0x20000072   0x0800ecde   0x00000004   Data   RW          394    .data               lcd.o
    0x20000076   0x0800ece2   0x00000002   PAD
    0x20000078   0x0800ece4   0x00000036   Data   RW          469    .data               touch.o
    0x200000ae   0x0800ed1a   0x00000014   Data   RW          717    .data               stm32f10x_rcc.o
    0x200000c2   0x0800ed2e   0x00000002   PAD
    0x200000c4        -       0x000000c8   Zero   RW           25    .bss                usart.o
    0x2000018c        -       0x0000001c   Zero   RW          373    .bss                pid.o
    0x200001a8        -       0x0000000e   Zero   RW          392    .bss                lcd.o
    0x200001b6        -       0x00000800   Zero   RW          510    .bss                stmflash.o
    0x200009b6   0x0800ed2e   0x00000002   PAD
    0x200009b8        -       0x00000060   Zero   RW         1070    .bss                c_w.l(libspace.o)
    0x20000a18        -       0x00000200   Zero   RW           18    HEAP                startup_stm32f10x_hd.o
    0x20000c18        -       0x00000400   Zero   RW           17    STACK               startup_stm32f10x_hd.o


==============================================================================

Image component sizes


      Code (inc. data)   RO Data    RW Data    ZI Data      Debug   Object Name

       378          0          0          0          0       2718   24cxx.o
         0          0          0          0          0       4532   core_cm3.o
       212         18          0          4          0        995   delay.o
       100          6          0          2          0        843   exti.o
       216         14          0          1          0        780   key.o
     19030        162       6080          4         14      22154   lcd.o
        76          8          0          0          0        463   led.o
      3008        380          0         36          0       4682   main.o
       220         22          0          0          0       1701   misc.o
       620         14          0          0          0       1848   myiic.o
       364         32          0         14         28       1096   pid.o
        64         26        304          0       1536        772   startup_stm32f10x_hd.o
       284         10          0          0          0       2155   stm32f10x_exti.o
      1468         34          0          0          0       8106   stm32f10x_flash.o
      1548         18          0          0          0       5275   stm32f10x_fsmc.o
       860         38          0          0          0       5633   stm32f10x_gpio.o
        26          0          0          0          0       1174   stm32f10x_it.o
       932         36          0         20          0       8776   stm32f10x_rcc.o
      3610         88          0          0          0      22740   stm32f10x_tim.o
      1032         22          0          0          0       8356   stm32f10x_usart.o
       324          8          0          0       2048       2598   stmflash.o
       480         38          0         20          0       1707   system_stm32f10x.o
       580         70          0         24          0       2808   timer.o
      3868        212        125         54          0       6537   touch.o
       320         18          0          6        200     267422   usart.o

    ----------------------------------------------------------------------
     39624       1274       6546        196       3828     385871   Object Totals
         0          0         32          0          0          0   (incl. Generated)
         4          0          5         11          2          0   (incl. Padding)

    ----------------------------------------------------------------------

      Code (inc. data)   RO Data    RW Data    ZI Data      Debug   Library Member Name

        24          4          0          0          0         84   __2printf.o
        44          6          0          0          0         84   __2sprintf.o
         8          0          0          0          0         68   __main.o
       392          4         17          0          0         92   __printf_flags_ss_wp.o
        14          0          0          0          0         68   __printf_wp.o
         0          0          0          0          0          0   __rtentry.o
        12          0          0          0          0          0   __rtentry2.o
         6          0          0          0          0          0   __rtentry4.o
        52          8          0          0          0          0   __scatter.o
        26          0          0          0          0          0   __scatter_copy.o
        28          0          0          0          0          0   __scatter_zi.o
         6          0          0          0          0          0   _printf_a.o
         6          0          0          0          0          0   _printf_c.o
        44          0          0          0          0        108   _printf_char.o
        48          6          0          0          0         96   _printf_char_common.o
        36          4          0          0          0         80   _printf_char_file.o
        40          0          0          0          0         68   _printf_charcount.o
         6          0          0          0          0          0   _printf_d.o
       120         16          0          0          0         92   _printf_dec.o
         6          0          0          0          0          0   _printf_e.o
         6          0          0          0          0          0   _printf_f.o
      1050          0          0          0          0        216   _printf_fp_dec.o
       128         16          0          0          0         84   _printf_fp_infnan.o
         6          0          0          0          0          0   _printf_g.o
       148          4         40          0          0        160   _printf_hex_int_ll_ptr.o
         6          0          0          0          0          0   _printf_i.o
       178          0          0          0          0         88   _printf_intcommon.o
        10          0          0          0          0          0   _printf_l.o
         6          0          0          0          0          0   _printf_lc.o
        10          0          0          0          0          0   _printf_ll.o
         6          0          0          0          0          0   _printf_lld.o
         6          0          0          0          0          0   _printf_lli.o
         6          0          0          0          0          0   _printf_llo.o
         6          0          0          0          0          0   _printf_llu.o
         6          0          0          0          0          0   _printf_llx.o
       124         16          0          0          0         92   _printf_longlong_dec.o
         6          0          0          0          0          0   _printf_ls.o
         6          0          0          0          0          0   _printf_n.o
         6          0          0          0          0          0   _printf_o.o
       112          8          0          0          0        124   _printf_oct_int_ll.o
         6          0          0          0          0          0   _printf_p.o
        78          0          0          0          0        108   _printf_pad.o
         0          0          0          0          0          0   _printf_percent.o
         4          0          0          0          0          0   _printf_percent_end.o
         6          0          0          0          0          0   _printf_s.o
        82          0          0          0          0         80   _printf_str.o
        36          0          0          0          0         84   _printf_truncate.o
         6          0          0          0          0          0   _printf_u.o
        44          0          0          0          0        108   _printf_wchar.o
       188          6          8          0          0         92   _printf_wctomb.o
         6          0          0          0          0          0   _printf_x.o
        22          0          0          0          0        100   _rserrno.o
        10          0          0          0          0         68   _sputc.o
        64          0          0          0          0         92   _wcrtomb.o
       220          4        148          0          0         96   bigflt0.o
      1910        128          0          0          0        672   btod.o
        24          4          0          0          0         84   c89printf.o
        18          0          0          0          0         80   exit.o
         8          0          0          0          0         68   ferror.o
         6          0          0          0          0        152   heapauxi.o
        44         10        272          0          0         76   lc_ctype_c.o
        44         10         28          0          0         76   lc_numeric_c.o
         2          0          0          0          0          0   libinit.o
        30          0          0          0          0          0   libinit2.o
         2          0          0          0          0          0   libshutdown.o
         2          0          0          0          0          0   libshutdown2.o
         8          4          0          0         96         68   libspace.o
       138          0          0          0          0         80   lludiv10.o
        16          4          0          0          0         76   rt_ctype_table.o
         8          4          0          0          0         68   rt_errno_addr_intlibspace.o
         8          4          0          0          0         68   rt_locale_intlibspace.o
         2          0          0          0          0          0   rtexit.o
        10          0          0          0          0          0   rtexit2.o
       128          0          0          0          0         68   strcmpv7m.o
        74          0          0          0          0         80   sys_stackheap_outer.o
         2          0          0          0          0         68   use_no_semi.o
         2          0          0          0          0         68   use_no_semi_2.o
        98          4          0          0          0         92   d2f.o
       826         16          0          0          0        348   daddsub_clz.o
        16          4          0          0          0         68   dcheck1.o
        24          0          0          0          0         68   dcmpi.o
       688        140          0          0          0        208   ddiv.o
        90          4          0          0          0         92   dfixu.o
        84          0          0          0          0        136   dflt_clz.o
       120          4          0          0          0         92   dleqf.o
       340         12          0          0          0        104   dmul.o
       156          4          0          0          0         92   dnaninf.o
        12          0          0          0          0         68   dretinf.o
       108          0          0          0          0         80   drleqf.o
       460         56          0          0          0        120   dsqrt_noumaal.o
        86          4          0          0          0         84   f2d.o
       430          8          0          0          0        168   faddsub_clz.o
       388         76          0          0          0         96   fdiv.o
        54          4          0          0          0         84   ffix.o
        62          4          0          0          0         84   ffixu.o
        86          0          0          0          0        136   fflt_clz.o
       258          4          0          0          0         84   fmul.o
       140          4          0          0          0         84   fnaninf.o
        10          0          0          0          0         68   fretinf.o
         4          0          0          0          0         68   printf1.o
       100          0          0          0          0         68   retnan.o
        92          0          0          0          0         68   scalbn.o
        48          0          0          0          0         68   trapv.o
         0          0          0          0          0          0   usenofp.o
        62         10          0          0          0        340   dunder.o
        40          0          0          0          0         68   fpclassify.o
       170          0          0          0          0         96   poly.o
      2520        190        136          0          0        324   pow.o
         0          0          8          0          0          0   qnan.o
        76          0          0          0          0         84   sqrt.o

    ----------------------------------------------------------------------
     13690        818        664          0         96       7924   Library Totals
        34          0          7          0          0          0   (incl. Padding)

    ----------------------------------------------------------------------

      Code (inc. data)   RO Data    RW Data    ZI Data      Debug   Library Name

      6008        270        513          0         96       4284   c_w.l
      4780        348          0          0          0       2728   fz_ws.l
      2868        200        144          0          0        912   m_ws.l

    ----------------------------------------------------------------------
     13690        818        664          0         96       7924   Library Totals

    ----------------------------------------------------------------------

==============================================================================


      Code (inc. data)   RO Data    RW Data    ZI Data      Debug   

     53314       2092       7210        196       3924     387343   Grand Totals
     53314       2092       7210        196       3924     387343   ELF Image Totals
     53314       2092       7210        196          0          0   ROM Totals

==============================================================================

    Total RO  Size (Code + RO Data)                60524 (  59.11kB)
    Total RW  Size (RW Data + ZI Data)              4120 (   4.02kB)
    Total ROM Size (Code + RO Data + RW Data)      60720 (  59.30kB)

==============================================================================

